2026-09-12 03:17:44.596 | INFO     | MainThread | core.database:__init__:168 - subscription database ready at C:\Users\Administrator\gold-3strategies\subscriptions.db
2026-09-12 03:17:44.820 | INFO     | MainThread | core.news_filter:start:113 - news filter cold-start: fetching calendar synchronously...
2026-09-12 03:17:45.145 | SUCCESS  | MainThread | core.news_filter:update_calendar:172 - calendar refreshed: 6 high-impact USD events loaded (network)
2026-09-12 03:17:45.147 | SUCCESS  | MainThread | core.news_filter:start:117 - cold-start successful: calendar loaded
2026-09-12 03:17:45.149 | INFO     | MainThread | core.news_filter:start:132 - news filter background refresh started (interval: 1.0h)
2026-09-12 03:17:45.149 | INFO     | MainThread | core.signal_score:_warn_missing:91 - no signal score stats at 'data\signal_scores.json' — scores default to neutral 50. Run: python tools/precompute_scores.py
2026-09-12 03:17:45.162 | INFO     | MainThread | __main__:run:1027 - ========================================================================
2026-09-12 03:17:45.162 | INFO     | MainThread | __main__:run:1028 - GOLD M5 BOT starting | risk 1.00% | lots 0.01-0.05 | SL/TP 2.0x/3.5xATR(14) | BE 1.8xATR+5pts | trail 99.0x/1.5xATR
2026-09-12 03:17:45.162 | INFO     | MainThread | __main__:run:1029 - ========================================================================
2026-09-12 03:17:45.263 | WARNING  | MainThread | core.mt5_client:_resolve_symbol:281 - fuzzy-matched gold symbol -> 'XAUUSD@'
2026-09-12 03:17:45.263 | SUCCESS  | MainThread | core.mt5_client:connect:238 - MT5 connected | login=20277252 server=WMMarkets-Demo balance=491.10 USD | symbol=XAUUSD@ | algo_trading=True
2026-09-12 03:17:45.266 | INFO     | MainThread | core.mt5_client:start_heartbeat:342 - heartbeat thread started (30s)
2026-09-12 03:17:45.272 | SUCCESS  | MainThread | core.dashboard:start:95 - 📊 dashboard online → http://0.0.0.0:8080/?token=CKO1HpUH5HKiF-v0Xegx53k5wZx26Bto
2026-09-12 03:17:46.634 | SUCCESS  | telegram-loop | core.telegram_bot:_register_menu_commands:418 - telegram menu commands registered (6 public / 15 admin)
2026-09-12 03:17:46.727 | SUCCESS  | MainThread | core.telegram_bot:start:182 - telegram controller online as @GoldForgepro_bot
2026-09-12 03:17:46.729 | INFO     | MainThread | __main__:run:1074 - entering main loop (1.0s cadence, 300s bars)
2026-09-12 04:17:45.552 | SUCCESS  | news-filter-refresh | core.news_filter:update_calendar:172 - calendar refreshed: 6 high-impact USD events loaded (network)
2026-09-12 05:17:45.919 | SUCCESS  | news-filter-refresh | core.news_filter:update_calendar:172 - calendar refreshed: 6 high-impact USD events loaded (network)
2026-09-12 06:17:46.294 | SUCCESS  | news-filter-refresh | core.news_filter:update_calendar:172 - calendar refreshed: 6 high-impact USD events loaded (network)
2026-09-12 07:17:46.840 | SUCCESS  | news-filter-refresh | core.news_filter:update_calendar:172 - calendar refreshed: 6 high-impact USD events loaded (network)
2026-09-12 08:17:47.282 | SUCCESS  | news-filter-refresh | core.news_filter:update_calendar:172 - calendar refreshed: 6 high-impact USD events loaded (network)
2026-09-12 09:17:47.977 | SUCCESS  | news-filter-refresh | core.news_filter:update_calendar:172 - calendar refreshed: 6 high-impact USD events loaded (network)
2026-09-12 10:17:48.502 | SUCCESS  | news-filter-refresh | core.news_filter:update_calendar:172 - calendar refreshed: 6 high-impact USD events loaded (network)
2026-09-12 11:17:48.885 | SUCCESS  | news-filter-refresh | core.news_filter:update_calendar:172 - calendar refreshed: 6 high-impact USD events loaded (network)
2026-09-12 12:17:49.264 | SUCCESS  | news-filter-refresh | core.news_filter:update_calendar:172 - calendar refreshed: 6 high-impact USD events loaded (network)
2026-09-12 13:17:49.643 | SUCCESS  | news-filter-refresh | core.news_filter:update_calendar:172 - calendar refreshed: 6 high-impact USD events loaded (network)
2026-09-12 14:17:50.026 | SUCCESS  | news-filter-refresh | core.news_filter:update_calendar:172 - calendar refreshed: 6 high-impact USD events loaded (network)
2026-09-12 15:17:50.407 | SUCCESS  | news-filter-refresh | core.news_filter:update_calendar:172 - calendar refreshed: 6 high-impact USD events loaded (network)
2026-09-12 16:17:50.781 | SUCCESS  | news-filter-refresh | core.news_filter:update_calendar:172 - calendar refreshed: 6 high-impact USD events loaded (network)
2026-09-12 17:17:51.446 | SUCCESS  | news-filter-refresh | core.news_filter:update_calendar:172 - calendar refreshed: 6 high-impact USD events loaded (network)
2026-09-12 18:17:52.130 | SUCCESS  | news-filter-refresh | core.news_filter:update_calendar:172 - calendar refreshed: 6 high-impact USD events loaded (network)
2026-09-12 18:53:57.380 | INFO     | asyncio_1 | backtest.engine:__init__:102 - loaded 162 historical news events for backtesting blackout
2026-09-12 18:53:57.394 | INFO     | asyncio_1 | backtest.engine:run:445 - backtest start | strategy=orb_gold bars=75000 spread=8.0pts commission=$0.0/lot news_filter=True
2026-09-12 18:53:58.076 | WARNING  | asyncio_1 | core.risk_manager:calculate_lot:264 - risk budget $5.30 implies 0.0067 lots (< min 0.01); trading min lot risks $7.93 (1.50% of balance)
2026-09-12 18:53:58.102 | WARNING  | asyncio_1 | core.risk_manager:calculate_lot:264 - risk budget $5.33 implies 0.0084 lots (< min 0.01); trading min lot risks $6.33 (1.19% of balance)
2026-09-12 18:53:58.104 | WARNING  | asyncio_1 | core.risk_manager:calculate_lot:264 - risk budget $5.27 implies 0.0078 lots (< min 0.01); trading min lot risks $6.79 (1.29% of balance)
2026-09-12 18:53:58.108 | WARNING  | asyncio_1 | core.risk_manager:calculate_lot:264 - risk budget $5.20 implies 0.0048 lots (< min 0.01); trading min lot risks $10.82 (2.08% of balance)
2026-09-12 18:53:58.114 | WARNING  | asyncio_1 | core.risk_manager:calculate_lot:264 - risk budget $5.48 implies 0.0062 lots (< min 0.01); trading min lot risks $8.91 (1.63% of balance)
2026-09-12 18:53:58.120 | WARNING  | asyncio_1 | core.risk_manager:calculate_lot:264 - risk budget $5.57 implies 0.0080 lots (< min 0.01); trading min lot risks $6.96 (1.25% of balance)
2026-09-12 18:53:58.123 | WARNING  | asyncio_1 | core.risk_manager:calculate_lot:264 - risk budget $5.57 implies 0.0064 lots (< min 0.01); trading min lot risks $8.66 (1.56% of balance)
2026-09-12 18:53:58.138 | WARNING  | asyncio_1 | core.risk_manager:calculate_lot:264 - risk budget $5.84 implies 0.0092 lots (< min 0.01); trading min lot risks $6.38 (1.09% of balance)
2026-09-12 18:53:58.145 | WARNING  | asyncio_1 | core.risk_manager:calculate_lot:264 - risk budget $5.87 implies 0.0066 lots (< min 0.01); trading min lot risks $8.86 (1.51% of balance)
2026-09-12 18:53:58.147 | WARNING  | asyncio_1 | core.risk_manager:calculate_lot:264 - risk budget $6.12 implies 0.0056 lots (< min 0.01); trading min lot risks $10.93 (1.79% of balance)
2026-09-12 18:53:58.155 | WARNING  | asyncio_1 | core.risk_manager:calculate_lot:264 - risk budget $6.05 implies 0.0081 lots (< min 0.01); trading min lot risks $7.46 (1.23% of balance)
2026-09-12 18:53:58.159 | WARNING  | asyncio_1 | core.risk_manager:calculate_lot:264 - risk budget $6.18 implies 0.0052 lots (< min 0.01); trading min lot risks $11.96 (1.94% of balance)
2026-09-12 18:53:58.163 | WARNING  | asyncio_1 | core.risk_manager:calculate_lot:264 - risk budget $6.12 implies 0.0059 lots (< min 0.01); trading min lot risks $10.44 (1.70% of balance)
2026-09-12 18:53:58.165 | WARNING  | asyncio_1 | core.risk_manager:calculate_lot:264 - risk budget $6.31 implies 0.0089 lots (< min 0.01); trading min lot risks $7.07 (1.12% of balance)
2026-09-12 18:53:58.167 | WARNING  | asyncio_1 | core.risk_manager:calculate_lot:264 - risk budget $6.43 implies 0.0086 lots (< min 0.01); trading min lot risks $7.47 (1.16% of balance)
2026-09-12 18:53:58.173 | WARNING  | asyncio_1 | core.risk_manager:calculate_lot:264 - risk budget $6.38 implies 0.0065 lots (< min 0.01); trading min lot risks $9.80 (1.54% of balance)
2026-09-12 18:53:58.173 | WARNING  | asyncio_1 | core.risk_manager:calculate_lot:264 - risk budget $6.28 implies 0.0070 lots (< min 0.01); trading min lot risks $8.99 (1.43% of balance)
2026-09-12 18:53:58.177 | WARNING  | asyncio_1 | core.risk_manager:calculate_lot:264 - risk budget $6.28 implies 0.0090 lots (< min 0.01); trading min lot risks $6.99 (1.11% of balance)
2026-09-12 18:53:58.183 | WARNING  | asyncio_1 | core.risk_manager:calculate_lot:264 - risk budget $6.40 implies 0.0076 lots (< min 0.01); trading min lot risks $8.46 (1.32% of balance)
2026-09-12 18:53:58.187 | WARNING  | asyncio_1 | core.risk_manager:calculate_lot:264 - risk budget $6.40 implies 0.0024 lots (< min 0.01); trading min lot risks $26.23 (4.10% of balance)
2026-09-12 18:53:58.189 | WARNING  | asyncio_1 | core.risk_manager:calculate_lot:264 - risk budget $6.86 implies 0.0072 lots (< min 0.01); trading min lot risks $9.59 (1.40% of balance)
2026-09-12 18:53:58.191 | WARNING  | asyncio_1 | core.risk_manager:calculate_lot:264 - risk budget $7.03 implies 0.0083 lots (< min 0.01); trading min lot risks $8.43 (1.20% of balance)
2026-09-12 18:53:58.193 | WARNING  | asyncio_1 | core.risk_manager:calculate_lot:264 - risk budget $7.18 implies 0.0041 lots (< min 0.01); trading min lot risks $17.71 (2.47% of balance)
2026-09-12 18:53:58.195 | WARNING  | asyncio_1 | core.risk_manager:calculate_lot:264 - risk budget $7.00 implies 0.0061 lots (< min 0.01); trading min lot risks $11.42 (1.63% of balance)
2026-09-12 18:53:58.199 | WARNING  | asyncio_1 | core.risk_manager:calculate_lot:264 - risk budget $7.00 implies 0.0073 lots (< min 0.01); trading min lot risks $9.53 (1.36% of balance)
2026-09-12 18:53:58.201 | WARNING  | asyncio_1 | core.risk_manager:calculate_lot:264 - risk budget $6.91 implies 0.0064 lots (< min 0.01); trading min lot risks $10.82 (1.57% of balance)
2026-09-12 18:53:58.202 | WARNING  | asyncio_1 | core.risk_manager:calculate_lot:264 - risk budget $6.91 implies 0.0064 lots (< min 0.01); trading min lot risks $10.86 (1.57% of balance)
2026-09-12 18:53:58.206 | WARNING  | asyncio_1 | core.risk_manager:calculate_lot:264 - risk budget $7.10 implies 0.0070 lots (< min 0.01); trading min lot risks $10.09 (1.42% of balance)
2026-09-12 18:53:58.208 | WARNING  | asyncio_1 | core.risk_manager:calculate_lot:264 - risk budget $7.27 implies 0.0060 lots (< min 0.01); trading min lot risks $12.10 (1.66% of balance)
2026-09-12 18:53:58.212 | WARNING  | asyncio_1 | core.risk_manager:calculate_lot:264 - risk budget $7.49 implies 0.0068 lots (< min 0.01); trading min lot risks $10.97 (1.47% of balance)
2026-09-12 18:53:58.214 | WARNING  | asyncio_1 | core.risk_manager:calculate_lot:264 - risk budget $7.38 implies 0.0087 lots (< min 0.01); trading min lot risks $8.47 (1.15% of balance)
2026-09-12 18:53:58.228 | WARNING  | asyncio_1 | core.risk_manager:calculate_lot:264 - risk budget $7.32 implies 0.0064 lots (< min 0.01); trading min lot risks $11.52 (1.57% of balance)
2026-09-12 18:53:58.230 | WARNING  | asyncio_1 | core.risk_manager:calculate_lot:264 - risk budget $7.32 implies 0.0060 lots (< min 0.01); trading min lot risks $12.11 (1.65% of balance)
2026-09-12 18:53:58.234 | WARNING  | asyncio_1 | core.risk_manager:calculate_lot:264 - risk budget $7.67 implies 0.0075 lots (< min 0.01); trading min lot risks $10.19 (1.33% of balance)
2026-09-12 18:53:58.236 | WARNING  | asyncio_1 | core.risk_manager:calculate_lot:264 - risk budget $7.67 implies 0.0065 lots (< min 0.01); trading min lot risks $11.72 (1.53% of balance)
2026-09-12 18:53:58.240 | WARNING  | asyncio_1 | core.risk_manager:calculate_lot:264 - risk budget $7.87 implies 0.0063 lots (< min 0.01); trading min lot risks $12.56 (1.60% of balance)
2026-09-12 18:53:58.242 | WARNING  | asyncio_1 | core.risk_manager:calculate_lot:264 - risk budget $7.87 implies 0.0096 lots (< min 0.01); trading min lot risks $8.18 (1.04% of balance)
2026-09-12 18:53:58.244 | WARNING  | asyncio_1 | core.risk_manager:calculate_lot:264 - risk budget $8.02 implies 0.0063 lots (< min 0.01); trading min lot risks $12.77 (1.59% of balance)
2026-09-12 18:53:58.252 | WARNING  | asyncio_1 | core.risk_manager:calculate_lot:264 - risk budget $7.82 implies 0.0087 lots (< min 0.01); trading min lot risks $9.03 (1.15% of balance)
2026-09-12 18:53:58.258 | WARNING  | asyncio_1 | core.risk_manager:calculate_lot:264 - risk budget $7.91 implies 0.0094 lots (< min 0.01); trading min lot risks $8.40 (1.06% of balance)
2026-09-12 18:53:58.258 | WARNING  | asyncio_1 | core.risk_manager:calculate_lot:264 - risk budget $7.82 implies 0.0089 lots (< min 0.01); trading min lot risks $8.84 (1.13% of balance)
2026-09-12 18:53:58.260 | WARNING  | asyncio_1 | core.risk_manager:calculate_lot:264 - risk budget $7.82 implies 0.0092 lots (< min 0.01); trading min lot risks $8.46 (1.08% of balance)
2026-09-12 18:53:58.264 | WARNING  | asyncio_1 | core.risk_manager:calculate_lot:264 - risk budget $7.74 implies 0.0090 lots (< min 0.01); trading min lot risks $8.62 (1.11% of balance)
2026-09-12 18:53:58.266 | WARNING  | asyncio_1 | core.risk_manager:calculate_lot:264 - risk budget $7.74 implies 0.0090 lots (< min 0.01); trading min lot risks $8.64 (1.12% of balance)
2026-09-12 18:53:58.274 | WARNING  | asyncio_1 | core.risk_manager:calculate_lot:264 - risk budget $7.76 implies 0.0068 lots (< min 0.01); trading min lot risks $11.33 (1.46% of balance)
2026-09-12 18:53:58.280 | WARNING  | asyncio_1 | core.risk_manager:calculate_lot:264 - risk budget $7.76 implies 0.0065 lots (< min 0.01); trading min lot risks $11.99 (1.54% of balance)
2026-09-12 18:53:58.287 | WARNING  | asyncio_1 | core.risk_manager:calculate_lot:264 - risk budget $8.05 implies 0.0081 lots (< min 0.01); trading min lot risks $9.89 (1.23% of balance)
2026-09-12 18:53:58.289 | WARNING  | asyncio_1 | core.risk_manager:calculate_lot:264 - risk budget $8.23 implies 0.0091 lots (< min 0.01); trading min lot risks $9.05 (1.10% of balance)
2026-09-12 18:53:58.293 | WARNING  | asyncio_1 | core.risk_manager:calculate_lot:264 - risk budget $8.14 implies 0.0095 lots (< min 0.01); trading min lot risks $8.57 (1.05% of balance)
2026-09-12 18:53:58.299 | WARNING  | asyncio_1 | core.risk_manager:calculate_lot:264 - risk budget $8.05 implies 0.0050 lots (< min 0.01); trading min lot risks $16.03 (1.99% of balance)
2026-09-12 18:53:58.301 | WARNING  | asyncio_1 | core.risk_manager:calculate_lot:264 - risk budget $8.05 implies 0.0074 lots (< min 0.01); trading min lot risks $10.88 (1.35% of balance)
2026-09-12 18:53:58.303 | WARNING  | asyncio_1 | core.risk_manager:calculate_lot:264 - risk budget $8.05 implies 0.0060 lots (< min 0.01); trading min lot risks $13.45 (1.67% of balance)
2026-09-12 18:53:58.309 | WARNING  | asyncio_1 | core.risk_manager:calculate_lot:264 - risk budget $8.29 implies 0.0068 lots (< min 0.01); trading min lot risks $12.25 (1.48% of balance)
2026-09-12 18:53:58.313 | WARNING  | asyncio_1 | core.risk_manager:calculate_lot:264 - risk budget $8.50 implies 0.0098 lots (< min 0.01); trading min lot risks $8.66 (1.02% of balance)
2026-09-12 18:53:58.315 | WARNING  | asyncio_1 | core.risk_manager:calculate_lot:264 - risk budget $8.65 implies 0.0082 lots (< min 0.01); trading min lot risks $10.57 (1.22% of balance)
2026-09-12 18:53:58.317 | WARNING  | asyncio_1 | core.risk_manager:calculate_lot:264 - risk budget $8.65 implies 0.0097 lots (< min 0.01); trading min lot risks $8.96 (1.04% of balance)
2026-09-12 18:53:58.323 | WARNING  | asyncio_1 | core.risk_manager:calculate_lot:264 - risk budget $8.66 implies 0.0070 lots (< min 0.01); trading min lot risks $12.42 (1.44% of balance)
2026-09-12 18:53:58.329 | WARNING  | asyncio_1 | core.risk_manager:calculate_lot:264 - risk budget $8.92 implies 0.0088 lots (< min 0.01); trading min lot risks $10.09 (1.13% of balance)
2026-09-12 18:53:58.335 | WARNING  | asyncio_1 | core.risk_manager:calculate_lot:264 - risk budget $8.85 implies 0.0092 lots (< min 0.01); trading min lot risks $9.63 (1.09% of balance)
2026-09-12 18:53:58.343 | WARNING  | asyncio_1 | core.risk_manager:calculate_lot:264 - risk budget $8.86 implies 0.0098 lots (< min 0.01); trading min lot risks $9.00 (1.02% of balance)
2026-09-12 18:53:58.347 | WARNING  | asyncio_1 | core.risk_manager:calculate_lot:264 - risk budget $8.77 implies 0.0073 lots (< min 0.01); trading min lot risks $12.07 (1.38% of balance)
2026-09-12 18:53:58.349 | WARNING  | asyncio_1 | core.risk_manager:calculate_lot:264 - risk budget $8.77 implies 0.0053 lots (< min 0.01); trading min lot risks $16.56 (1.89% of balance)
2026-09-12 18:53:58.351 | WARNING  | asyncio_1 | core.risk_manager:calculate_lot:264 - risk budget $8.61 implies 0.0069 lots (< min 0.01); trading min lot risks $12.53 (1.46% of balance)
2026-09-12 18:53:58.357 | WARNING  | asyncio_1 | core.risk_manager:calculate_lot:264 - risk budget $8.61 implies 0.0018 lots (< min 0.01); trading min lot risks $47.62 (5.53% of balance)
2026-09-12 18:53:58.359 | WARNING  | asyncio_1 | core.risk_manager:calculate_lot:264 - risk budget $9.44 implies 0.0017 lots (< min 0.01); trading min lot risks $54.70 (5.79% of balance)
2026-09-12 18:53:58.361 | WARNING  | asyncio_1 | core.risk_manager:calculate_lot:264 - risk budget $10.40 implies 0.0017 lots (< min 0.01); trading min lot risks $60.58 (5.83% of balance)
2026-09-12 18:53:58.363 | WARNING  | asyncio_1 | core.risk_manager:calculate_lot:264 - risk budget $11.46 implies 0.0040 lots (< min 0.01); trading min lot risks $28.84 (2.52% of balance)
2026-09-12 18:53:58.367 | WARNING  | asyncio_1 | core.risk_manager:calculate_lot:264 - risk budget $11.96 implies 0.0024 lots (< min 0.01); trading min lot risks $49.02 (4.10% of balance)
2026-09-12 18:53:58.371 | WARNING  | asyncio_1 | core.risk_manager:calculate_lot:264 - risk budget $11.96 implies 0.0058 lots (< min 0.01); trading min lot risks $20.80 (1.74% of balance)
2026-09-12 18:53:58.373 | WARNING  | asyncio_1 | core.risk_manager:calculate_lot:264 - risk budget $11.75 implies 0.0061 lots (< min 0.01); trading min lot risks $19.35 (1.65% of balance)
2026-09-12 18:53:58.376 | WARNING  | asyncio_1 | core.risk_manager:calculate_lot:264 - risk budget $11.75 implies 0.0071 lots (< min 0.01); trading min lot risks $16.51 (1.40% of balance)
2026-09-12 18:53:58.380 | WARNING  | asyncio_1 | core.risk_manager:calculate_lot:264 - risk budget $11.59 implies 0.0066 lots (< min 0.01); trading min lot risks $17.52 (1.51% of balance)
2026-09-12 18:53:58.382 | WARNING  | asyncio_1 | core.risk_manager:calculate_lot:264 - risk budget $11.41 implies 0.0062 lots (< min 0.01); trading min lot risks $18.49 (1.62% of balance)
2026-09-12 18:53:58.386 | WARNING  | asyncio_1 | core.risk_manager:calculate_lot:264 - risk budget $11.23 implies 0.0070 lots (< min 0.01); trading min lot risks $15.99 (1.42% of balance)
2026-09-12 18:53:58.394 | WARNING  | asyncio_1 | core.risk_manager:calculate_lot:264 - risk budget $11.83 implies 0.0094 lots (< min 0.01); trading min lot risks $12.57 (1.06% of balance)
2026-09-12 18:53:58.396 | WARNING  | asyncio_1 | core.risk_manager:calculate_lot:264 - risk budget $11.83 implies 0.0098 lots (< min 0.01); trading min lot risks $12.05 (1.02% of balance)
2026-09-12 18:53:58.398 | WARNING  | asyncio_1 | core.risk_manager:calculate_lot:264 - risk budget $11.83 implies 0.0095 lots (< min 0.01); trading min lot risks $12.43 (1.05% of balance)
2026-09-12 18:53:58.406 | WARNING  | asyncio_1 | core.risk_manager:calculate_lot:264 - risk budget $11.63 implies 0.0086 lots (< min 0.01); trading min lot risks $13.51 (1.16% of balance)
2026-09-12 18:53:58.410 | WARNING  | asyncio_1 | core.risk_manager:calculate_lot:264 - risk budget $11.63 implies 0.0059 lots (< min 0.01); trading min lot risks $19.83 (1.71% of balance)
2026-09-12 18:53:58.412 | WARNING  | asyncio_1 | core.risk_manager:calculate_lot:264 - risk budget $11.98 implies 0.0078 lots (< min 0.01); trading min lot risks $15.44 (1.29% of balance)
2026-09-12 18:53:58.416 | WARNING  | asyncio_1 | core.risk_manager:calculate_lot:264 - risk budget $11.98 implies 0.0056 lots (< min 0.01); trading min lot risks $21.39 (1.79% of balance)
2026-09-12 18:53:58.418 | WARNING  | asyncio_1 | core.risk_manager:calculate_lot:264 - risk budget $11.76 implies 0.0074 lots (< min 0.01); trading min lot risks $15.89 (1.35% of balance)
2026-09-12 18:53:58.420 | WARNING  | asyncio_1 | core.risk_manager:calculate_lot:264 - risk budget $11.60 implies 0.0058 lots (< min 0.01); trading min lot risks $20.02 (1.72% of balance)
2026-09-12 18:53:58.428 | WARNING  | asyncio_1 | core.risk_manager:calculate_lot:264 - risk budget $11.31 implies 0.0060 lots (< min 0.01); trading min lot risks $18.89 (1.67% of balance)
2026-09-12 18:53:58.439 | WARNING  | asyncio_1 | core.risk_manager:calculate_lot:264 - risk budget $11.31 implies 0.0041 lots (< min 0.01); trading min lot risks $27.90 (2.47% of balance)
2026-09-12 18:53:58.441 | WARNING  | asyncio_1 | core.risk_manager:calculate_lot:264 - risk budget $11.80 implies 0.0043 lots (< min 0.01); trading min lot risks $27.23 (2.31% of balance)
2026-09-12 18:53:58.444 | WARNING  | asyncio_1 | core.risk_manager:calculate_lot:264 - risk budget $12.28 implies 0.0023 lots (< min 0.01); trading min lot risks $52.64 (4.29% of balance)
2026-09-12 18:53:58.450 | WARNING  | asyncio_1 | core.risk_manager:calculate_lot:264 - risk budget $11.75 implies 0.0089 lots (< min 0.01); trading min lot risks $13.20 (1.12% of balance)
2026-09-12 18:53:58.452 | WARNING  | asyncio_1 | core.risk_manager:calculate_lot:264 - risk budget $11.98 implies 0.0052 lots (< min 0.01); trading min lot risks $22.84 (1.91% of balance)
2026-09-12 18:53:58.454 | WARNING  | asyncio_1 | core.risk_manager:calculate_lot:264 - risk budget $12.38 implies 0.0056 lots (< min 0.01); trading min lot risks $22.22 (1.79% of balance)
2026-09-12 18:53:58.457 | WARNING  | asyncio_1 | core.risk_manager:calculate_lot:264 - risk budget $12.16 implies 0.0054 lots (< min 0.01); trading min lot risks $22.32 (1.84% of balance)
2026-09-12 18:53:58.459 | WARNING  | asyncio_1 | core.risk_manager:calculate_lot:264 - risk budget $12.55 implies 0.0082 lots (< min 0.01); trading min lot risks $15.34 (1.22% of balance)
2026-09-12 18:53:58.461 | WARNING  | asyncio_1 | core.risk_manager:calculate_lot:264 - risk budget $12.55 implies 0.0064 lots (< min 0.01); trading min lot risks $19.48 (1.55% of balance)
2026-09-12 18:53:58.467 | WARNING  | asyncio_1 | core.risk_manager:calculate_lot:264 - risk budget $12.89 implies 0.0071 lots (< min 0.01); trading min lot risks $18.14 (1.41% of balance)
2026-09-12 18:53:58.467 | WARNING  | asyncio_1 | core.risk_manager:calculate_lot:264 - risk budget $12.71 implies 0.0057 lots (< min 0.01); trading min lot risks $22.13 (1.74% of balance)
2026-09-12 18:53:58.471 | WARNING  | asyncio_1 | core.risk_manager:calculate_lot:264 - risk budget $12.49 implies 0.0093 lots (< min 0.01); trading min lot risks $13.37 (1.07% of balance)
2026-09-12 18:53:58.483 | WARNING  | asyncio_1 | core.risk_manager:calculate_lot:264 - risk budget $12.54 implies 0.0082 lots (< min 0.01); trading min lot risks $15.30 (1.22% of balance)
2026-09-12 18:53:58.497 | WARNING  | asyncio_1 | core.risk_manager:calculate_lot:264 - risk budget $12.43 implies 0.0092 lots (< min 0.01); trading min lot risks $13.49 (1.09% of balance)
2026-09-12 18:53:58.522 | WARNING  | asyncio_1 | core.risk_manager:calculate_lot:264 - risk budget $12.90 implies 0.0100 lots (< min 0.01); trading min lot risks $12.95 (1.00% of balance)
2026-09-12 18:53:58.538 | WARNING  | asyncio_1 | core.risk_manager:calculate_lot:264 - risk budget $12.94 implies 0.0090 lots (< min 0.01); trading min lot risks $14.40 (1.11% of balance)
2026-09-12 18:53:58.542 | WARNING  | asyncio_1 | core.risk_manager:calculate_lot:264 - risk budget $12.80 implies 0.0081 lots (< min 0.01); trading min lot risks $15.83 (1.24% of balance)
2026-09-12 18:53:58.544 | WARNING  | asyncio_1 | core.risk_manager:calculate_lot:264 - risk budget $12.64 implies 0.0091 lots (< min 0.01); trading min lot risks $13.88 (1.10% of balance)
2026-09-12 18:53:58.548 | WARNING  | asyncio_1 | core.risk_manager:calculate_lot:264 - risk budget $12.39 implies 0.0078 lots (< min 0.01); trading min lot risks $15.88 (1.28% of balance)
2026-09-12 18:53:58.560 | WARNING  | asyncio_1 | core.risk_manager:calculate_lot:264 - risk budget $12.50 implies 0.0055 lots (< min 0.01); trading min lot risks $22.76 (1.82% of balance)
2026-09-12 18:53:58.576 | WARNING  | asyncio_1 | core.risk_manager:calculate_lot:264 - risk budget $12.99 implies 0.0086 lots (< min 0.01); trading min lot risks $15.10 (1.16% of balance)
2026-09-12 18:53:58.578 | WARNING  | asyncio_1 | core.risk_manager:calculate_lot:264 - risk budget $12.99 implies 0.0098 lots (< min 0.01); trading min lot risks $13.30 (1.02% of balance)
2026-09-12 18:53:58.580 | WARNING  | asyncio_1 | core.risk_manager:calculate_lot:264 - risk budget $12.99 implies 0.0093 lots (< min 0.01); trading min lot risks $13.96 (1.07% of balance)
2026-09-12 18:53:58.582 | WARNING  | asyncio_1 | core.risk_manager:calculate_lot:264 - risk budget $12.85 implies 0.0074 lots (< min 0.01); trading min lot risks $17.41 (1.35% of balance)
2026-09-12 18:53:58.584 | WARNING  | asyncio_1 | core.risk_manager:calculate_lot:264 - risk budget $13.16 implies 0.0091 lots (< min 0.01); trading min lot risks $14.42 (1.10% of balance)
2026-09-12 18:53:58.605 | WARNING  | asyncio_1 | core.risk_manager:calculate_lot:264 - risk budget $12.93 implies 0.0079 lots (< min 0.01); trading min lot risks $16.46 (1.27% of balance)
2026-09-12 18:53:58.613 | WARNING  | asyncio_1 | core.risk_manager:calculate_lot:264 - risk budget $12.82 implies 0.0080 lots (< min 0.01); trading min lot risks $15.95 (1.24% of balance)
2026-09-12 18:53:58.619 | WARNING  | asyncio_1 | core.risk_manager:calculate_lot:264 - risk budget $12.83 implies 0.0071 lots (< min 0.01); trading min lot risks $18.13 (1.41% of balance)
2026-09-12 18:53:58.627 | WARNING  | asyncio_1 | core.risk_manager:calculate_lot:264 - risk budget $12.55 implies 0.0092 lots (< min 0.01); trading min lot risks $13.67 (1.09% of balance)
2026-09-12 18:53:58.662 | WARNING  | asyncio_1 | core.risk_manager:calculate_lot:264 - risk budget $12.89 implies 0.0073 lots (< min 0.01); trading min lot risks $17.60 (1.37% of balance)
2026-09-12 18:53:58.672 | WARNING  | asyncio_1 | core.risk_manager:calculate_lot:264 - risk budget $13.01 implies 0.0096 lots (< min 0.01); trading min lot risks $13.56 (1.04% of balance)
2026-09-12 18:53:58.702 | WARNING  | asyncio_1 | core.risk_manager:calculate_lot:264 - risk budget $13.25 implies 0.0099 lots (< min 0.01); trading min lot risks $13.43 (1.01% of balance)
2026-09-12 18:53:58.720 | WARNING  | asyncio_1 | core.risk_manager:calculate_lot:264 - risk budget $13.16 implies 0.0063 lots (< min 0.01); trading min lot risks $20.84 (1.58% of balance)
2026-09-12 18:53:58.730 | WARNING  | asyncio_1 | core.risk_manager:calculate_lot:264 - risk budget $12.81 implies 0.0077 lots (< min 0.01); trading min lot risks $16.60 (1.30% of balance)
2026-09-12 18:53:58.730 | WARNING  | asyncio_1 | core.risk_manager:calculate_lot:264 - risk budget $12.65 implies 0.0065 lots (< min 0.01); trading min lot risks $19.51 (1.54% of balance)
2026-09-12 18:53:58.743 | SUCCESS  | asyncio_1 | backtest.engine:run:578 - backtest done | 239 trades | net $765.99 | WR 61.1% | PF 1.73 | maxDD 6.13%
2026-09-12 19:17:52.715 | SUCCESS  | news-filter-refresh | core.news_filter:update_calendar:172 - calendar refreshed: 6 high-impact USD events loaded (network)
2026-09-12 20:17:53.468 | SUCCESS  | news-filter-refresh | core.news_filter:update_calendar:172 - calendar refreshed: 6 high-impact USD events loaded (network)
2026-09-12 21:17:54.301 | SUCCESS  | news-filter-refresh | core.news_filter:update_calendar:172 - calendar refreshed: 6 high-impact USD events loaded (network)
2026-09-12 21:25:33.084 | WARNING  | MainThread | core.mt5_client:reconnect:304 - reconnect attempt #1 starting
2026-09-12 21:25:38.357 | ERROR    | MainThread | core.mt5_client:_capture_error:372 - MT5 initialize failed: (-6) Terminal: Authorization failed
2026-09-12 21:25:38.357 | WARNING  | MainThread | core.mt5_client:reconnect:323 - reconnect attempt 1/5 failed
2026-09-12 21:25:48.364 | ERROR    | MainThread | core.mt5_client:_capture_error:372 - MT5 initialize failed: (-6) Terminal: Authorization failed
2026-09-12 21:25:48.364 | WARNING  | MainThread | core.mt5_client:reconnect:323 - reconnect attempt 2/5 failed
2026-09-12 21:26:08.393 | WARNING  | MainThread | core.mt5_client:_resolve_symbol:281 - fuzzy-matched gold symbol -> 'XAUUSD@'
2026-09-12 21:26:08.399 | SUCCESS  | MainThread | core.mt5_client:connect:238 - MT5 connected | login=20277252 server=WMMarkets-Demo balance=491.10 USD | symbol=XAUUSD@ | algo_trading=True
2026-09-12 21:26:08.401 | SUCCESS  | MainThread | core.mt5_client:reconnect:319 - reconnected after 3 attempt(s)
2026-09-12 22:17:54.816 | SUCCESS  | news-filter-refresh | core.news_filter:update_calendar:172 - calendar refreshed: 4 high-impact USD events loaded (network)
2026-09-12 22:37:19.456 | WARNING  | MainThread | core.mt5_client:reconnect:304 - reconnect attempt #2 starting
2026-09-12 22:37:24.634 | WARNING  | MainThread | core.mt5_client:_resolve_symbol:281 - fuzzy-matched gold symbol -> 'XAUUSD@'
2026-09-12 22:37:24.634 | SUCCESS  | MainThread | core.mt5_client:connect:238 - MT5 connected | login=20277252 server=WMMarkets-Demo balance=491.10 USD | symbol=XAUUSD@ | algo_trading=True
2026-09-12 22:37:24.634 | SUCCESS  | MainThread | core.mt5_client:reconnect:319 - reconnected after 1 attempt(s)
2026-09-12 23:17:55.520 | SUCCESS  | news-filter-refresh | core.news_filter:update_calendar:172 - calendar refreshed: 4 high-impact USD events loaded (network)
2026-09-13 00:17:55.959 | SUCCESS  | news-filter-refresh | core.news_filter:update_calendar:172 - calendar refreshed: 4 high-impact USD events loaded (network)
2026-09-13 01:17:56.354 | SUCCESS  | news-filter-refresh | core.news_filter:update_calendar:172 - calendar refreshed: 4 high-impact USD events loaded (network)
2026-09-13 02:17:56.743 | SUCCESS  | news-filter-refresh | core.news_filter:update_calendar:172 - calendar refreshed: 4 high-impact USD events loaded (network)
2026-09-13 03:17:57.461 | SUCCESS  | news-filter-refresh | core.news_filter:update_calendar:172 - calendar refreshed: 4 high-impact USD events loaded (network)
2026-09-13 04:17:58.215 | SUCCESS  | news-filter-refresh | core.news_filter:update_calendar:172 - calendar refreshed: 4 high-impact USD events loaded (network)
2026-09-13 05:17:58.661 | SUCCESS  | news-filter-refresh | core.news_filter:update_calendar:172 - calendar refreshed: 4 high-impact USD events loaded (network)
2026-09-13 06:17:59.268 | SUCCESS  | news-filter-refresh | core.news_filter:update_calendar:172 - calendar refreshed: 4 high-impact USD events loaded (network)
2026-09-13 07:18:00.058 | SUCCESS  | news-filter-refresh | core.news_filter:update_calendar:172 - calendar refreshed: 4 high-impact USD events loaded (network)
2026-09-13 08:18:00.487 | SUCCESS  | news-filter-refresh | core.news_filter:update_calendar:172 - calendar refreshed: 4 high-impact USD events loaded (network)
2026-09-13 09:18:00.867 | SUCCESS  | news-filter-refresh | core.news_filter:update_calendar:172 - calendar refreshed: 4 high-impact USD events loaded (network)
2026-09-13 10:18:01.255 | SUCCESS  | news-filter-refresh | core.news_filter:update_calendar:172 - calendar refreshed: 4 high-impact USD events loaded (network)
2026-09-13 11:18:01.637 | SUCCESS  | news-filter-refresh | core.news_filter:update_calendar:172 - calendar refreshed: 4 high-impact USD events loaded (network)
2026-09-13 12:18:02.018 | SUCCESS  | news-filter-refresh | core.news_filter:update_calendar:172 - calendar refreshed: 4 high-impact USD events loaded (network)
2026-09-13 13:18:02.393 | SUCCESS  | news-filter-refresh | core.news_filter:update_calendar:172 - calendar refreshed: 4 high-impact USD events loaded (network)
2026-09-13 14:18:02.776 | SUCCESS  | news-filter-refresh | core.news_filter:update_calendar:172 - calendar refreshed: 4 high-impact USD events loaded (network)
2026-09-13 15:00:01.695 | INFO     | MainThread | __main__:_check_daily_digest:760 - daily digest skipped — nothing traded on 2026-09-12
2026-09-13 15:18:03.196 | SUCCESS  | news-filter-refresh | core.news_filter:update_calendar:172 - calendar refreshed: 4 high-impact USD events loaded (network)
2026-09-13 16:18:03.597 | SUCCESS  | news-filter-refresh | core.news_filter:update_calendar:172 - calendar refreshed: 4 high-impact USD events loaded (network)
2026-09-13 17:00:00.742 | INFO     | MainThread | __main__:_check_daily_digest:760 - daily digest skipped — nothing traded on 2026-09-13
2026-09-13 17:18:04.420 | SUCCESS  | news-filter-refresh | core.news_filter:update_calendar:172 - calendar refreshed: 4 high-impact USD events loaded (network)
2026-09-13 18:18:05.188 | SUCCESS  | news-filter-refresh | core.news_filter:update_calendar:172 - calendar refreshed: 4 high-impact USD events loaded (network)
2026-09-13 19:18:05.913 | SUCCESS  | news-filter-refresh | core.news_filter:update_calendar:172 - calendar refreshed: 4 high-impact USD events loaded (network)
2026-09-13 20:18:06.462 | SUCCESS  | news-filter-refresh | core.news_filter:update_calendar:172 - calendar refreshed: 4 high-impact USD events loaded (network)
2026-09-13 21:18:07.083 | SUCCESS  | news-filter-refresh | core.news_filter:update_calendar:172 - calendar refreshed: 4 high-impact USD events loaded (network)
2026-09-13 22:18:07.698 | SUCCESS  | news-filter-refresh | core.news_filter:update_calendar:172 - calendar refreshed: 4 high-impact USD events loaded (network)
2026-09-13 23:18:08.148 | SUCCESS  | news-filter-refresh | core.news_filter:update_calendar:172 - calendar refreshed: 4 high-impact USD events loaded (network)
2026-09-14 00:18:08.869 | SUCCESS  | news-filter-refresh | core.news_filter:update_calendar:172 - calendar refreshed: 4 high-impact USD events loaded (network)
2026-09-14 01:18:09.330 | SUCCESS  | news-filter-refresh | core.news_filter:update_calendar:172 - calendar refreshed: 4 high-impact USD events loaded (network)
2026-09-14 02:18:09.760 | SUCCESS  | news-filter-refresh | core.news_filter:update_calendar:172 - calendar refreshed: 4 high-impact USD events loaded (network)
2026-09-14 03:18:10.173 | SUCCESS  | news-filter-refresh | core.news_filter:update_calendar:172 - calendar refreshed: 4 high-impact USD events loaded (network)
2026-09-14 04:18:10.595 | SUCCESS  | news-filter-refresh | core.news_filter:update_calendar:172 - calendar refreshed: 4 high-impact USD events loaded (network)
2026-09-14 05:18:11.320 | SUCCESS  | news-filter-refresh | core.news_filter:update_calendar:172 - calendar refreshed: 4 high-impact USD events loaded (network)
2026-09-14 06:18:11.935 | SUCCESS  | news-filter-refresh | core.news_filter:update_calendar:172 - calendar refreshed: 4 high-impact USD events loaded (network)
2026-09-14 07:18:12.813 | SUCCESS  | news-filter-refresh | core.news_filter:update_calendar:172 - calendar refreshed: 4 high-impact USD events loaded (network)
2026-09-14 08:18:13.333 | SUCCESS  | news-filter-refresh | core.news_filter:update_calendar:172 - calendar refreshed: 4 high-impact USD events loaded (network)
2026-09-14 09:18:13.739 | SUCCESS  | news-filter-refresh | core.news_filter:update_calendar:172 - calendar refreshed: 4 high-impact USD events loaded (network)
2026-09-14 10:18:14.166 | SUCCESS  | news-filter-refresh | core.news_filter:update_calendar:172 - calendar refreshed: 4 high-impact USD events loaded (network)
2026-09-14 11:18:14.577 | SUCCESS  | news-filter-refresh | core.news_filter:update_calendar:172 - calendar refreshed: 4 high-impact USD events loaded (network)
