2026-09-10 03:52:45.998 | INFO     | MainThread | core.database:__init__:159 - subscription database ready at C:\Users\Administrator\gold-3strategies\subscriptions.db
2026-09-10 03:52:46.232 | INFO     | MainThread | core.news_filter:start:113 - news filter cold-start: fetching calendar synchronously...
2026-09-10 03:52:46.625 | SUCCESS  | MainThread | core.news_filter:update_calendar:172 - calendar refreshed: 6 high-impact USD events loaded (network)
2026-09-10 03:52:46.627 | SUCCESS  | MainThread | core.news_filter:start:117 - cold-start successful: calendar loaded
2026-09-10 03:52:46.628 | INFO     | MainThread | core.news_filter:start:132 - news filter background refresh started (interval: 1.0h)
2026-09-10 03:52:46.628 | INFO     | MainThread | core.signal_score:_warn_missing:91 - no signal score stats at 'data\signal_scores.json' — scores default to neutral 50. Run: python tools/precompute_scores.py
2026-09-10 03:52:46.642 | INFO     | MainThread | __main__:run:955 - ========================================================================
2026-09-10 03:52:46.642 | INFO     | MainThread | __main__:run:956 - GOLD M5 BOT starting | risk 1.00% | lots 0.01-0.05 | SL/TP 1.5x/3.5xATR(14) | BE 1.8xATR+5pts | trail 99.0x/1.5xATR
2026-09-10 03:52:46.642 | INFO     | MainThread | __main__:run:957 - ========================================================================
2026-09-10 03:52:46.746 | WARNING  | MainThread | core.mt5_client:_resolve_symbol:275 - fuzzy-matched gold symbol -> 'XAUUSD@'
2026-09-10 03:52:46.748 | SUCCESS  | MainThread | core.mt5_client:connect:232 - MT5 connected | login=20277252 server=WMMarkets-Demo balance=507.85 USD | symbol=XAUUSD@ | algo_trading=True
2026-09-10 03:52:46.760 | INFO     | MainThread | __main__:_sync_daily:713 - daily guard init | realized today=$-6.07 | day-start balance=$513.92 | cap -10%/$51.39
2026-09-10 03:52:46.764 | INFO     | MainThread | core.mt5_client:start_heartbeat:336 - heartbeat thread started (30s)
2026-09-10 03:52:46.792 | SUCCESS  | MainThread | core.dashboard:start:95 - 📊 dashboard online → http://0.0.0.0:8080/?token=CKO1HpUH5HKiF-v0Xegx53k5wZx26Bto
2026-09-10 03:52:48.384 | SUCCESS  | telegram-loop | core.telegram_bot:_register_menu_commands:418 - telegram menu commands registered (6 public / 15 admin)
2026-09-10 03:52:48.480 | SUCCESS  | MainThread | core.telegram_bot:start:182 - telegram controller online as @GoldForgepro_bot
2026-09-10 03:52:48.480 | INFO     | MainThread | __main__:run:985 - entering main loop (1.0s cadence, 300s bars)
2026-09-10 03:57:41.644 | INFO     | MainThread | core.database:__init__:168 - subscription database ready at C:\Users\Administrator\gold-3strategies\subscriptions.db
2026-09-10 03:57:41.765 | INFO     | MainThread | core.news_filter:start:113 - news filter cold-start: fetching calendar synchronously...
2026-09-10 03:57:42.107 | SUCCESS  | MainThread | core.news_filter:update_calendar:172 - calendar refreshed: 6 high-impact USD events loaded (network)
2026-09-10 03:57:42.109 | SUCCESS  | MainThread | core.news_filter:start:117 - cold-start successful: calendar loaded
2026-09-10 03:57:42.109 | INFO     | MainThread | core.news_filter:start:132 - news filter background refresh started (interval: 1.0h)
2026-09-10 03:57:42.109 | INFO     | MainThread | core.signal_score:_warn_missing:91 - no signal score stats at 'data\signal_scores.json' — scores default to neutral 50. Run: python tools/precompute_scores.py
2026-09-10 03:57:42.117 | INFO     | MainThread | __main__:run:1027 - ========================================================================
2026-09-10 03:57:42.117 | INFO     | MainThread | __main__:run:1028 - GOLD M5 BOT starting | risk 1.00% | lots 0.01-0.05 | SL/TP 1.5x/3.5xATR(14) | BE 1.8xATR+5pts | trail 99.0x/1.5xATR
2026-09-10 03:57:42.117 | INFO     | MainThread | __main__:run:1029 - ========================================================================
2026-09-10 03:57:42.137 | WARNING  | MainThread | core.mt5_client:_resolve_symbol:281 - fuzzy-matched gold symbol -> 'XAUUSD@'
2026-09-10 03:57:42.139 | SUCCESS  | MainThread | core.mt5_client:connect:238 - MT5 connected | login=20277252 server=WMMarkets-Demo balance=507.85 USD | symbol=XAUUSD@ | algo_trading=True
2026-09-10 03:57:42.141 | INFO     | MainThread | core.mt5_client:start_heartbeat:342 - heartbeat thread started (30s)
2026-09-10 03:57:42.147 | SUCCESS  | MainThread | core.dashboard:start:95 - 📊 dashboard online → http://0.0.0.0:8080/?token=CKO1HpUH5HKiF-v0Xegx53k5wZx26Bto
2026-09-10 03:57:43.495 | SUCCESS  | telegram-loop | core.telegram_bot:_register_menu_commands:418 - telegram menu commands registered (6 public / 15 admin)
2026-09-10 03:57:43.589 | SUCCESS  | MainThread | core.telegram_bot:start:182 - telegram controller online as @GoldForgepro_bot
2026-09-10 03:57:43.589 | INFO     | MainThread | __main__:run:1074 - entering main loop (1.0s cadence, 300s bars)
2026-09-10 04:02:41.763 | INFO     | MainThread | core.database:__init__:168 - subscription database ready at C:\Users\Administrator\gold-3strategies\subscriptions.db
2026-09-10 04:02:41.885 | INFO     | MainThread | core.news_filter:start:113 - news filter cold-start: fetching calendar synchronously...
2026-09-10 04:02:42.334 | SUCCESS  | MainThread | core.news_filter:update_calendar:172 - calendar refreshed: 6 high-impact USD events loaded (network)
2026-09-10 04:02:42.336 | SUCCESS  | MainThread | core.news_filter:start:117 - cold-start successful: calendar loaded
2026-09-10 04:02:42.336 | INFO     | MainThread | core.news_filter:start:132 - news filter background refresh started (interval: 1.0h)
2026-09-10 04:02:42.336 | INFO     | MainThread | core.signal_score:_warn_missing:91 - no signal score stats at 'data\signal_scores.json' — scores default to neutral 50. Run: python tools/precompute_scores.py
2026-09-10 04:02:42.344 | INFO     | MainThread | __main__:run:1027 - ========================================================================
2026-09-10 04:02:42.344 | INFO     | MainThread | __main__:run:1028 - GOLD M5 BOT starting | risk 1.00% | lots 0.01-0.05 | SL/TP 1.5x/3.5xATR(14) | BE 1.8xATR+5pts | trail 99.0x/1.5xATR
2026-09-10 04:02:42.344 | INFO     | MainThread | __main__:run:1029 - ========================================================================
2026-09-10 04:02:42.365 | WARNING  | MainThread | core.mt5_client:_resolve_symbol:281 - fuzzy-matched gold symbol -> 'XAUUSD@'
2026-09-10 04:02:42.365 | SUCCESS  | MainThread | core.mt5_client:connect:238 - MT5 connected | login=20277252 server=WMMarkets-Demo balance=507.85 USD | symbol=XAUUSD@ | algo_trading=True
2026-09-10 04:02:42.367 | INFO     | MainThread | core.mt5_client:start_heartbeat:342 - heartbeat thread started (30s)
2026-09-10 04:02:42.373 | SUCCESS  | MainThread | core.dashboard:start:95 - 📊 dashboard online → http://0.0.0.0:8080/?token=CKO1HpUH5HKiF-v0Xegx53k5wZx26Bto
2026-09-10 04:02:43.721 | SUCCESS  | telegram-loop | core.telegram_bot:_register_menu_commands:418 - telegram menu commands registered (6 public / 15 admin)
2026-09-10 04:02:43.813 | SUCCESS  | MainThread | core.telegram_bot:start:182 - telegram controller online as @GoldForgepro_bot
2026-09-10 04:02:43.815 | INFO     | MainThread | __main__:run:1074 - entering main loop (1.0s cadence, 300s bars)
2026-09-10 04:05:20.755 | WARNING  | telegram-loop | __main__:_hook_toggle:348 - engine kill-switch -> PAUSED
2026-09-10 04:06:30.634 | INFO     | asyncio_1 | backtest.engine:__init__:102 - loaded 162 historical news events for backtesting blackout
2026-09-10 04:06:30.636 | INFO     | asyncio_1 | backtest.engine:run:445 - backtest start | strategy=orb_gold bars=75000 spread=8.0pts commission=$0.0/lot news_filter=True
2026-09-10 04:06:30.864 | WARNING  | asyncio_1 | core.risk_manager:calculate_lot:264 - risk budget $5.40 implies 0.0091 lots (< min 0.01); trading min lot risks $5.95 (1.10% of balance)
2026-09-10 04:06:30.880 | WARNING  | asyncio_1 | core.risk_manager:calculate_lot:264 - risk budget $5.30 implies 0.0065 lots (< min 0.01); trading min lot risks $8.12 (1.53% of balance)
2026-09-10 04:06:30.886 | WARNING  | asyncio_1 | core.risk_manager:calculate_lot:264 - risk budget $5.46 implies 0.0082 lots (< min 0.01); trading min lot risks $6.68 (1.22% of balance)
2026-09-10 04:06:30.896 | WARNING  | asyncio_1 | core.risk_manager:calculate_lot:264 - risk budget $5.54 implies 0.0085 lots (< min 0.01); trading min lot risks $6.49 (1.17% of balance)
2026-09-10 04:06:30.916 | WARNING  | asyncio_1 | core.risk_manager:calculate_lot:264 - risk budget $5.87 implies 0.0088 lots (< min 0.01); trading min lot risks $6.64 (1.13% of balance)
2026-09-10 04:06:30.918 | WARNING  | asyncio_1 | core.risk_manager:calculate_lot:264 - risk budget $6.12 implies 0.0075 lots (< min 0.01); trading min lot risks $8.20 (1.34% of balance)
2026-09-10 04:06:30.930 | WARNING  | asyncio_1 | core.risk_manager:calculate_lot:264 - risk budget $6.03 implies 0.0067 lots (< min 0.01); trading min lot risks $8.97 (1.49% of balance)
2026-09-10 04:06:30.934 | WARNING  | asyncio_1 | core.risk_manager:calculate_lot:264 - risk budget $5.99 implies 0.0077 lots (< min 0.01); trading min lot risks $7.83 (1.31% of balance)
2026-09-10 04:06:30.942 | WARNING  | asyncio_1 | core.risk_manager:calculate_lot:264 - risk budget $6.26 implies 0.0085 lots (< min 0.01); trading min lot risks $7.35 (1.17% of balance)
2026-09-10 04:06:30.944 | WARNING  | asyncio_1 | core.risk_manager:calculate_lot:264 - risk budget $6.18 implies 0.0092 lots (< min 0.01); trading min lot risks $6.75 (1.09% of balance)
2026-09-10 04:06:30.952 | WARNING  | asyncio_1 | core.risk_manager:calculate_lot:264 - risk budget $6.31 implies 0.0099 lots (< min 0.01); trading min lot risks $6.35 (1.01% of balance)
2026-09-10 04:06:30.960 | WARNING  | asyncio_1 | core.risk_manager:calculate_lot:264 - risk budget $6.31 implies 0.0032 lots (< min 0.01); trading min lot risks $19.67 (3.12% of balance)
2026-09-10 04:06:30.962 | WARNING  | asyncio_1 | core.risk_manager:calculate_lot:264 - risk budget $6.77 implies 0.0094 lots (< min 0.01); trading min lot risks $7.20 (1.06% of balance)
2026-09-10 04:06:30.966 | WARNING  | asyncio_1 | core.risk_manager:calculate_lot:264 - risk budget $7.08 implies 0.0053 lots (< min 0.01); trading min lot risks $13.28 (1.88% of balance)
2026-09-10 04:06:30.970 | WARNING  | asyncio_1 | core.risk_manager:calculate_lot:264 - risk budget $6.95 implies 0.0081 lots (< min 0.01); trading min lot risks $8.56 (1.23% of balance)
2026-09-10 04:06:30.971 | WARNING  | asyncio_1 | core.risk_manager:calculate_lot:264 - risk budget $6.95 implies 0.0097 lots (< min 0.01); trading min lot risks $7.15 (1.03% of balance)
2026-09-10 04:06:30.977 | WARNING  | asyncio_1 | core.risk_manager:calculate_lot:264 - risk budget $6.88 implies 0.0085 lots (< min 0.01); trading min lot risks $8.11 (1.18% of balance)
2026-09-10 04:06:30.979 | WARNING  | asyncio_1 | core.risk_manager:calculate_lot:264 - risk budget $6.88 implies 0.0084 lots (< min 0.01); trading min lot risks $8.15 (1.18% of balance)
2026-09-10 04:06:30.991 | WARNING  | asyncio_1 | core.risk_manager:calculate_lot:264 - risk budget $7.07 implies 0.0093 lots (< min 0.01); trading min lot risks $7.57 (1.07% of balance)
2026-09-10 04:06:30.993 | WARNING  | asyncio_1 | core.risk_manager:calculate_lot:264 - risk budget $7.25 implies 0.0080 lots (< min 0.01); trading min lot risks $9.08 (1.25% of balance)
2026-09-10 04:06:30.997 | WARNING  | asyncio_1 | core.risk_manager:calculate_lot:264 - risk budget $7.46 implies 0.0091 lots (< min 0.01); trading min lot risks $8.23 (1.10% of balance)
2026-09-10 04:06:31.011 | WARNING  | asyncio_1 | core.risk_manager:calculate_lot:264 - risk budget $7.34 implies 0.0085 lots (< min 0.01); trading min lot risks $8.64 (1.18% of balance)
2026-09-10 04:06:31.014 | WARNING  | asyncio_1 | core.risk_manager:calculate_lot:264 - risk budget $7.34 implies 0.0081 lots (< min 0.01); trading min lot risks $9.08 (1.24% of balance)
2026-09-10 04:06:31.020 | WARNING  | asyncio_1 | core.risk_manager:calculate_lot:264 - risk budget $7.68 implies 0.0087 lots (< min 0.01); trading min lot risks $8.79 (1.14% of balance)
2026-09-10 04:06:31.024 | WARNING  | asyncio_1 | core.risk_manager:calculate_lot:264 - risk budget $7.88 implies 0.0084 lots (< min 0.01); trading min lot risks $9.42 (1.19% of balance)
2026-09-10 04:06:31.028 | WARNING  | asyncio_1 | core.risk_manager:calculate_lot:264 - risk budget $8.03 implies 0.0084 lots (< min 0.01); trading min lot risks $9.58 (1.19% of balance)
2026-09-10 04:06:31.056 | WARNING  | asyncio_1 | core.risk_manager:calculate_lot:264 - risk budget $7.85 implies 0.0092 lots (< min 0.01); trading min lot risks $8.49 (1.08% of balance)
2026-09-10 04:06:31.062 | WARNING  | asyncio_1 | core.risk_manager:calculate_lot:264 - risk budget $7.85 implies 0.0087 lots (< min 0.01); trading min lot risks $8.99 (1.15% of balance)
2026-09-10 04:06:31.079 | WARNING  | asyncio_1 | core.risk_manager:calculate_lot:264 - risk budget $8.27 implies 0.0069 lots (< min 0.01); trading min lot risks $12.02 (1.45% of balance)
2026-09-10 04:06:31.087 | WARNING  | asyncio_1 | core.risk_manager:calculate_lot:264 - risk budget $8.19 implies 0.0081 lots (< min 0.01); trading min lot risks $10.09 (1.23% of balance)
2026-09-10 04:06:31.091 | WARNING  | asyncio_1 | core.risk_manager:calculate_lot:264 - risk budget $8.43 implies 0.0092 lots (< min 0.01); trading min lot risks $9.19 (1.09% of balance)
2026-09-10 04:06:31.105 | WARNING  | asyncio_1 | core.risk_manager:calculate_lot:264 - risk budget $8.79 implies 0.0094 lots (< min 0.01); trading min lot risks $9.32 (1.06% of balance)
2026-09-10 04:06:31.126 | WARNING  | asyncio_1 | core.risk_manager:calculate_lot:264 - risk budget $9.00 implies 0.0099 lots (< min 0.01); trading min lot risks $9.05 (1.01% of balance)
2026-09-10 04:06:31.128 | WARNING  | asyncio_1 | core.risk_manager:calculate_lot:264 - risk budget $9.00 implies 0.0072 lots (< min 0.01); trading min lot risks $12.42 (1.38% of balance)
2026-09-10 04:06:31.130 | WARNING  | asyncio_1 | core.risk_manager:calculate_lot:264 - risk budget $8.87 implies 0.0094 lots (< min 0.01); trading min lot risks $9.40 (1.06% of balance)
2026-09-10 04:06:31.136 | WARNING  | asyncio_1 | core.risk_manager:calculate_lot:264 - risk budget $8.87 implies 0.0025 lots (< min 0.01); trading min lot risks $35.71 (4.02% of balance)
2026-09-10 04:06:31.138 | WARNING  | asyncio_1 | core.risk_manager:calculate_lot:264 - risk budget $9.71 implies 0.0024 lots (< min 0.01); trading min lot risks $41.02 (4.23% of balance)
2026-09-10 04:06:31.140 | WARNING  | asyncio_1 | core.risk_manager:calculate_lot:264 - risk budget $9.30 implies 0.0020 lots (< min 0.01); trading min lot risks $45.44 (4.89% of balance)
2026-09-10 04:06:31.144 | WARNING  | asyncio_1 | core.risk_manager:calculate_lot:264 - risk budget $10.36 implies 0.0048 lots (< min 0.01); trading min lot risks $21.63 (2.09% of balance)
2026-09-10 04:06:31.146 | WARNING  | asyncio_1 | core.risk_manager:calculate_lot:264 - risk budget $10.86 implies 0.0030 lots (< min 0.01); trading min lot risks $36.76 (3.38% of balance)
2026-09-10 04:06:31.150 | WARNING  | asyncio_1 | core.risk_manager:calculate_lot:264 - risk budget $10.49 implies 0.0067 lots (< min 0.01); trading min lot risks $15.60 (1.49% of balance)
2026-09-10 04:06:31.154 | WARNING  | asyncio_1 | core.risk_manager:calculate_lot:264 - risk budget $10.34 implies 0.0071 lots (< min 0.01); trading min lot risks $14.51 (1.40% of balance)
2026-09-10 04:06:31.156 | WARNING  | asyncio_1 | core.risk_manager:calculate_lot:264 - risk budget $10.34 implies 0.0083 lots (< min 0.01); trading min lot risks $12.38 (1.20% of balance)
2026-09-10 04:06:31.159 | WARNING  | asyncio_1 | core.risk_manager:calculate_lot:264 - risk budget $10.22 implies 0.0078 lots (< min 0.01); trading min lot risks $13.14 (1.29% of balance)
2026-09-10 04:06:31.161 | WARNING  | asyncio_1 | core.risk_manager:calculate_lot:264 - risk budget $10.08 implies 0.0073 lots (< min 0.01); trading min lot risks $13.87 (1.38% of balance)
2026-09-10 04:06:31.165 | WARNING  | asyncio_1 | core.risk_manager:calculate_lot:264 - risk budget $9.95 implies 0.0083 lots (< min 0.01); trading min lot risks $11.99 (1.21% of balance)
2026-09-10 04:06:31.190 | WARNING  | asyncio_1 | core.risk_manager:calculate_lot:264 - risk budget $10.40 implies 0.0070 lots (< min 0.01); trading min lot risks $14.88 (1.43% of balance)
2026-09-10 04:06:31.193 | WARNING  | asyncio_1 | core.risk_manager:calculate_lot:264 - risk budget $10.74 implies 0.0093 lots (< min 0.01); trading min lot risks $11.58 (1.08% of balance)
2026-09-10 04:06:31.197 | WARNING  | asyncio_1 | core.risk_manager:calculate_lot:264 - risk budget $10.63 implies 0.0066 lots (< min 0.01); trading min lot risks $16.05 (1.51% of balance)
2026-09-10 04:06:31.199 | WARNING  | asyncio_1 | core.risk_manager:calculate_lot:264 - risk budget $10.47 implies 0.0088 lots (< min 0.01); trading min lot risks $11.92 (1.14% of balance)
2026-09-10 04:06:31.202 | WARNING  | asyncio_1 | core.risk_manager:calculate_lot:264 - risk budget $10.35 implies 0.0069 lots (< min 0.01); trading min lot risks $15.01 (1.45% of balance)
2026-09-10 04:06:31.209 | WARNING  | asyncio_1 | core.risk_manager:calculate_lot:264 - risk budget $10.12 implies 0.0071 lots (< min 0.01); trading min lot risks $14.17 (1.40% of balance)
2026-09-10 04:06:31.223 | WARNING  | asyncio_1 | core.risk_manager:calculate_lot:264 - risk budget $10.21 implies 0.0049 lots (< min 0.01); trading min lot risks $20.92 (2.05% of balance)
2026-09-10 04:06:31.225 | WARNING  | asyncio_1 | core.risk_manager:calculate_lot:264 - risk budget $10.70 implies 0.0052 lots (< min 0.01); trading min lot risks $20.42 (1.91% of balance)
2026-09-10 04:06:31.225 | WARNING  | asyncio_1 | core.risk_manager:calculate_lot:264 - risk budget $11.18 implies 0.0028 lots (< min 0.01); trading min lot risks $39.48 (3.53% of balance)
2026-09-10 04:06:31.235 | WARNING  | asyncio_1 | core.risk_manager:calculate_lot:264 - risk budget $11.01 implies 0.0064 lots (< min 0.01); trading min lot risks $17.13 (1.56% of balance)
2026-09-10 04:06:31.237 | WARNING  | asyncio_1 | core.risk_manager:calculate_lot:264 - risk budget $11.41 implies 0.0068 lots (< min 0.01); trading min lot risks $16.66 (1.46% of balance)
2026-09-10 04:06:31.241 | WARNING  | asyncio_1 | core.risk_manager:calculate_lot:264 - risk budget $11.25 implies 0.0067 lots (< min 0.01); trading min lot risks $16.74 (1.49% of balance)
2026-09-10 04:06:31.243 | WARNING  | asyncio_1 | core.risk_manager:calculate_lot:264 - risk budget $11.08 implies 0.0096 lots (< min 0.01); trading min lot risks $11.51 (1.04% of balance)
2026-09-10 04:06:31.245 | WARNING  | asyncio_1 | core.risk_manager:calculate_lot:264 - risk budget $11.08 implies 0.0076 lots (< min 0.01); trading min lot risks $14.61 (1.32% of balance)
2026-09-10 04:06:31.249 | WARNING  | asyncio_1 | core.risk_manager:calculate_lot:264 - risk budget $11.42 implies 0.0084 lots (< min 0.01); trading min lot risks $13.60 (1.19% of balance)
2026-09-10 04:06:31.251 | WARNING  | asyncio_1 | core.risk_manager:calculate_lot:264 - risk budget $11.28 implies 0.0068 lots (< min 0.01); trading min lot risks $16.59 (1.47% of balance)
2026-09-10 04:06:31.266 | WARNING  | asyncio_1 | core.risk_manager:calculate_lot:264 - risk budget $11.25 implies 0.0098 lots (< min 0.01); trading min lot risks $11.47 (1.02% of balance)
2026-09-10 04:06:31.312 | WARNING  | asyncio_1 | core.risk_manager:calculate_lot:264 - risk budget $11.74 implies 0.0099 lots (< min 0.01); trading min lot risks $11.87 (1.01% of balance)
2026-09-10 04:06:31.319 | WARNING  | asyncio_1 | core.risk_manager:calculate_lot:264 - risk budget $11.43 implies 0.0096 lots (< min 0.01); trading min lot risks $11.91 (1.04% of balance)
2026-09-10 04:06:31.333 | WARNING  | asyncio_1 | core.risk_manager:calculate_lot:264 - risk budget $11.53 implies 0.0068 lots (< min 0.01); trading min lot risks $17.07 (1.48% of balance)
2026-09-10 04:06:31.351 | WARNING  | asyncio_1 | core.risk_manager:calculate_lot:264 - risk budget $11.94 implies 0.0091 lots (< min 0.01); trading min lot risks $13.06 (1.09% of balance)
2026-09-10 04:06:31.395 | WARNING  | asyncio_1 | core.risk_manager:calculate_lot:264 - risk budget $12.24 implies 0.0090 lots (< min 0.01); trading min lot risks $13.60 (1.11% of balance)
2026-09-10 04:06:31.437 | WARNING  | asyncio_1 | core.risk_manager:calculate_lot:264 - risk budget $12.27 implies 0.0093 lots (< min 0.01); trading min lot risks $13.20 (1.08% of balance)
2026-09-10 04:06:31.501 | WARNING  | asyncio_1 | core.risk_manager:calculate_lot:264 - risk budget $11.91 implies 0.0076 lots (< min 0.01); trading min lot risks $15.63 (1.31% of balance)
2026-09-10 04:06:31.511 | SUCCESS  | asyncio_1 | backtest.engine:run:578 - backtest done | 238 trades | net $626.58 | WR 55.0% | PF 1.62 | maxDD 8.44%
2026-09-10 05:02:42.709 | SUCCESS  | news-filter-refresh | core.news_filter:update_calendar:172 - calendar refreshed: 6 high-impact USD events loaded (network)
2026-09-10 06:02:43.078 | SUCCESS  | news-filter-refresh | core.news_filter:update_calendar:172 - calendar refreshed: 6 high-impact USD events loaded (network)
2026-09-10 07:02:43.593 | SUCCESS  | news-filter-refresh | core.news_filter:update_calendar:172 - calendar refreshed: 6 high-impact USD events loaded (network)
2026-09-10 08:02:44.028 | SUCCESS  | news-filter-refresh | core.news_filter:update_calendar:172 - calendar refreshed: 6 high-impact USD events loaded (network)
2026-09-10 09:02:44.416 | SUCCESS  | news-filter-refresh | core.news_filter:update_calendar:172 - calendar refreshed: 6 high-impact USD events loaded (network)
2026-09-10 10:02:44.833 | SUCCESS  | news-filter-refresh | core.news_filter:update_calendar:172 - calendar refreshed: 6 high-impact USD events loaded (network)
2026-09-10 11:02:45.358 | SUCCESS  | news-filter-refresh | core.news_filter:update_calendar:172 - calendar refreshed: 6 high-impact USD events loaded (network)
2026-09-10 12:02:45.750 | SUCCESS  | news-filter-refresh | core.news_filter:update_calendar:172 - calendar refreshed: 6 high-impact USD events loaded (network)
2026-09-10 13:02:46.459 | SUCCESS  | news-filter-refresh | core.news_filter:update_calendar:172 - calendar refreshed: 6 high-impact USD events loaded (network)
2026-09-10 14:02:46.839 | SUCCESS  | news-filter-refresh | core.news_filter:update_calendar:172 - calendar refreshed: 6 high-impact USD events loaded (network)
2026-09-10 15:02:47.222 | SUCCESS  | news-filter-refresh | core.news_filter:update_calendar:172 - calendar refreshed: 6 high-impact USD events loaded (network)
2026-09-10 16:02:47.629 | SUCCESS  | news-filter-refresh | core.news_filter:update_calendar:172 - calendar refreshed: 6 high-impact USD events loaded (network)
2026-09-10 17:02:48.373 | SUCCESS  | news-filter-refresh | core.news_filter:update_calendar:172 - calendar refreshed: 6 high-impact USD events loaded (network)
2026-09-10 18:02:49.105 | SUCCESS  | news-filter-refresh | core.news_filter:update_calendar:172 - calendar refreshed: 6 high-impact USD events loaded (network)
2026-09-10 18:13:32.364 | WARNING  | telegram-loop | __main__:_hook_toggle:348 - engine kill-switch -> RUNNING
2026-09-10 18:15:01.806 | SUCCESS  | MainThread | __main__:_check_daily_digest:764 - daily digest for 2026-09-10 broadcast
2026-09-10 18:15:02.900 | INFO     | telegram-loop | core.telegram_bot:_broadcast_daily_async:1241 - daily digest broadcast → 2 chats
2026-09-10 19:02:49.932 | SUCCESS  | news-filter-refresh | core.news_filter:update_calendar:172 - calendar refreshed: 6 high-impact USD events loaded (network)
2026-09-10 20:02:50.445 | SUCCESS  | news-filter-refresh | core.news_filter:update_calendar:172 - calendar refreshed: 6 high-impact USD events loaded (network)
2026-09-10 21:02:51.211 | SUCCESS  | news-filter-refresh | core.news_filter:update_calendar:172 - calendar refreshed: 6 high-impact USD events loaded (network)
2026-09-10 22:02:51.864 | SUCCESS  | news-filter-refresh | core.news_filter:update_calendar:172 - calendar refreshed: 6 high-impact USD events loaded (network)
2026-09-10 23:02:52.386 | SUCCESS  | news-filter-refresh | core.news_filter:update_calendar:172 - calendar refreshed: 6 high-impact USD events loaded (network)
2026-09-11 00:02:52.786 | SUCCESS  | news-filter-refresh | core.news_filter:update_calendar:172 - calendar refreshed: 6 high-impact USD events loaded (network)
2026-09-11 01:02:53.164 | SUCCESS  | news-filter-refresh | core.news_filter:update_calendar:172 - calendar refreshed: 6 high-impact USD events loaded (network)
2026-09-11 02:02:53.556 | SUCCESS  | news-filter-refresh | core.news_filter:update_calendar:172 - calendar refreshed: 6 high-impact USD events loaded (network)
2026-09-11 03:02:53.943 | SUCCESS  | news-filter-refresh | core.news_filter:update_calendar:172 - calendar refreshed: 6 high-impact USD events loaded (network)
2026-09-11 04:02:54.448 | SUCCESS  | news-filter-refresh | core.news_filter:update_calendar:172 - calendar refreshed: 6 high-impact USD events loaded (network)
2026-09-11 05:02:54.973 | SUCCESS  | news-filter-refresh | core.news_filter:update_calendar:172 - calendar refreshed: 6 high-impact USD events loaded (network)
2026-09-11 05:25:00.599 | INFO     | MainThread | __main__:_on_new_closed_bar:822 - 📰 بلاک خبری فعال — ورود جدید ممنوع | ⚠️ 5 mins before High-Impact USD: Core CPI m/m
2026-09-11 05:30:00.980 | INFO     | MainThread | __main__:_on_new_closed_bar:822 - 📰 بلاک خبری فعال — ورود جدید ممنوع | ⚠️ 0 mins after Core CPI m/m (Volatility Cooldown)
2026-09-11 05:35:00.368 | INFO     | MainThread | __main__:_on_new_closed_bar:822 - 📰 بلاک خبری فعال — ورود جدید ممنوع | ⚠️ 5 mins after Core CPI m/m (Volatility Cooldown)
2026-09-11 05:40:00.630 | INFO     | MainThread | __main__:_on_new_closed_bar:822 - 📰 بلاک خبری فعال — ورود جدید ممنوع | ⚠️ 10 mins after Core CPI m/m (Volatility Cooldown)
2026-09-11 05:45:01.114 | INFO     | MainThread | __main__:_on_new_closed_bar:822 - 📰 بلاک خبری فعال — ورود جدید ممنوع | ⚠️ 15 mins after Core CPI m/m (Volatility Cooldown)
2026-09-11 05:50:00.770 | INFO     | MainThread | __main__:_on_new_closed_bar:822 - 📰 بلاک خبری فعال — ورود جدید ممنوع | ⚠️ 20 mins after Core CPI m/m (Volatility Cooldown)
2026-09-11 05:55:01.131 | INFO     | MainThread | __main__:_on_new_closed_bar:822 - 📰 بلاک خبری فعال — ورود جدید ممنوع | ⚠️ 25 mins after Core CPI m/m (Volatility Cooldown)
2026-09-11 06:00:00.544 | INFO     | MainThread | __main__:_on_new_closed_bar:822 - 📰 بلاک خبری فعال — ورود جدید ممنوع | ⚠️ 30 mins after Core CPI m/m (Volatility Cooldown)
2026-09-11 06:02:55.368 | SUCCESS  | news-filter-refresh | core.news_filter:update_calendar:172 - calendar refreshed: 6 high-impact USD events loaded (network)
2026-09-11 06:05:01.021 | INFO     | MainThread | __main__:_on_new_closed_bar:822 - 📰 بلاک خبری فعال — ورود جدید ممنوع | ⚠️ 35 mins after Core CPI m/m (Volatility Cooldown)
2026-09-11 06:10:00.429 | INFO     | MainThread | __main__:_on_new_closed_bar:822 - 📰 بلاک خبری فعال — ورود جدید ممنوع | ⚠️ 40 mins after Core CPI m/m (Volatility Cooldown)
2026-09-11 06:15:00.983 | INFO     | MainThread | __main__:_on_new_closed_bar:822 - 📰 بلاک خبری فعال — ورود جدید ممنوع | ⚠️ 45 mins after Core CPI m/m (Volatility Cooldown)
2026-09-11 06:20:01.127 | INFO     | MainThread | __main__:_on_new_closed_bar:822 - 📰 بلاک خبری فعال — ورود جدید ممنوع | ⚠️ 50 mins after Core CPI m/m (Volatility Cooldown)
2026-09-11 06:25:00.669 | INFO     | MainThread | __main__:_on_new_closed_bar:822 - 📰 بلاک خبری فعال — ورود جدید ممنوع | ⚠️ 55 mins after Core CPI m/m (Volatility Cooldown)
2026-09-11 06:30:00.146 | INFO     | MainThread | __main__:_on_new_closed_bar:822 - 📰 بلاک خبری فعال — ورود جدید ممنوع | ⚠️ 60 mins after Core CPI m/m (Volatility Cooldown)
2026-09-11 06:35:00.605 | INFO     | MainThread | __main__:_on_new_closed_bar:822 - 📰 بلاک خبری فعال — ورود جدید ممنوع | ⚠️ 65 mins after Core CPI m/m (Volatility Cooldown)
2026-09-11 06:40:01.105 | INFO     | MainThread | __main__:_on_new_closed_bar:822 - 📰 بلاک خبری فعال — ورود جدید ممنوع | ⚠️ 70 mins after Core CPI m/m (Volatility Cooldown)
2026-09-11 06:45:01.069 | INFO     | MainThread | __main__:_on_new_closed_bar:822 - 📰 بلاک خبری فعال — ورود جدید ممنوع | ⚠️ 75 mins after Core CPI m/m (Volatility Cooldown)
2026-09-11 06:50:00.498 | INFO     | MainThread | __main__:_on_new_closed_bar:822 - 📰 بلاک خبری فعال — ورود جدید ممنوع | ⚠️ 80 mins after Core CPI m/m (Volatility Cooldown)
2026-09-11 06:55:00.750 | INFO     | MainThread | __main__:_on_new_closed_bar:822 - 📰 بلاک خبری فعال — ورود جدید ممنوع | ⚠️ 85 mins after Core CPI m/m (Volatility Cooldown)
2026-09-11 07:00:00.239 | INFO     | MainThread | __main__:_on_new_closed_bar:822 - 📰 بلاک خبری فعال — ورود جدید ممنوع | ⚠️ 90 mins after Core CPI m/m (Volatility Cooldown)
2026-09-11 07:02:56.107 | SUCCESS  | news-filter-refresh | core.news_filter:update_calendar:172 - calendar refreshed: 6 high-impact USD events loaded (network)
2026-09-11 07:05:01.028 | INFO     | MainThread | __main__:_on_new_closed_bar:822 - 📰 بلاک خبری فعال — ورود جدید ممنوع | ⚠️ 95 mins after Core CPI m/m (Volatility Cooldown)
2026-09-11 07:10:00.314 | INFO     | MainThread | __main__:_on_new_closed_bar:822 - 📰 بلاک خبری فعال — ورود جدید ممنوع | ⚠️ 100 mins after Core CPI m/m (Volatility Cooldown)
2026-09-11 07:15:00.748 | INFO     | MainThread | __main__:_on_new_closed_bar:822 - 📰 بلاک خبری فعال — ورود جدید ممنوع | ⚠️ 105 mins after Core CPI m/m (Volatility Cooldown)
2026-09-11 07:20:00.949 | INFO     | MainThread | __main__:_on_new_closed_bar:822 - 📰 بلاک خبری فعال — ورود جدید ممنوع | ⚠️ 110 mins after Core CPI m/m (Volatility Cooldown)
2026-09-11 07:25:00.340 | INFO     | MainThread | __main__:_on_new_closed_bar:822 - 📰 بلاک خبری فعال — ورود جدید ممنوع | ⚠️ 115 mins after Core CPI m/m (Volatility Cooldown)
2026-09-11 08:02:56.529 | SUCCESS  | news-filter-refresh | core.news_filter:update_calendar:172 - calendar refreshed: 6 high-impact USD events loaded (network)
2026-09-11 09:02:56.955 | SUCCESS  | news-filter-refresh | core.news_filter:update_calendar:172 - calendar refreshed: 6 high-impact USD events loaded (network)
2026-09-11 10:02:57.340 | SUCCESS  | news-filter-refresh | core.news_filter:update_calendar:172 - calendar refreshed: 6 high-impact USD events loaded (network)
2026-09-11 11:02:57.735 | SUCCESS  | news-filter-refresh | core.news_filter:update_calendar:172 - calendar refreshed: 6 high-impact USD events loaded (network)
2026-09-11 12:02:58.158 | SUCCESS  | news-filter-refresh | core.news_filter:update_calendar:172 - calendar refreshed: 6 high-impact USD events loaded (network)
2026-09-11 13:02:58.565 | SUCCESS  | news-filter-refresh | core.news_filter:update_calendar:172 - calendar refreshed: 6 high-impact USD events loaded (network)
2026-09-11 14:02:58.943 | SUCCESS  | news-filter-refresh | core.news_filter:update_calendar:172 - calendar refreshed: 6 high-impact USD events loaded (network)
2026-09-11 15:02:59.341 | SUCCESS  | news-filter-refresh | core.news_filter:update_calendar:172 - calendar refreshed: 6 high-impact USD events loaded (network)
2026-09-11 16:02:59.733 | SUCCESS  | news-filter-refresh | core.news_filter:update_calendar:172 - calendar refreshed: 6 high-impact USD events loaded (network)
2026-09-11 17:03:00.577 | SUCCESS  | news-filter-refresh | core.news_filter:update_calendar:172 - calendar refreshed: 6 high-impact USD events loaded (network)
2026-09-11 18:03:01.136 | SUCCESS  | news-filter-refresh | core.news_filter:update_calendar:172 - calendar refreshed: 6 high-impact USD events loaded (network)
2026-09-11 19:03:01.676 | SUCCESS  | news-filter-refresh | core.news_filter:update_calendar:172 - calendar refreshed: 6 high-impact USD events loaded (network)
2026-09-11 20:03:02.157 | SUCCESS  | news-filter-refresh | core.news_filter:update_calendar:172 - calendar refreshed: 6 high-impact USD events loaded (network)
2026-09-11 21:03:02.653 | SUCCESS  | news-filter-refresh | core.news_filter:update_calendar:172 - calendar refreshed: 6 high-impact USD events loaded (network)
2026-09-11 22:03:03.110 | SUCCESS  | news-filter-refresh | core.news_filter:update_calendar:172 - calendar refreshed: 6 high-impact USD events loaded (network)
2026-09-11 22:15:55.658 | WARNING  | MainThread | core.mt5_client:reconnect:304 - reconnect attempt #1 starting
2026-09-11 22:16:00.930 | ERROR    | MainThread | core.mt5_client:_capture_error:372 - MT5 initialize failed: (-6) Terminal: Authorization failed
2026-09-11 22:16:00.932 | WARNING  | MainThread | core.mt5_client:reconnect:323 - reconnect attempt 1/5 failed
2026-09-11 22:16:10.937 | ERROR    | MainThread | core.mt5_client:_capture_error:372 - MT5 initialize failed: (-6) Terminal: Authorization failed
2026-09-11 22:16:10.937 | WARNING  | MainThread | core.mt5_client:reconnect:323 - reconnect attempt 2/5 failed
2026-09-11 22:16:30.944 | ERROR    | MainThread | core.mt5_client:_capture_error:372 - MT5 initialize failed: (-6) Terminal: Authorization failed
2026-09-11 22:16:30.944 | WARNING  | MainThread | core.mt5_client:reconnect:323 - reconnect attempt 3/5 failed
2026-09-11 22:17:10.951 | ERROR    | MainThread | core.mt5_client:_capture_error:372 - MT5 initialize failed: (-6) Terminal: Authorization failed
2026-09-11 22:17:10.951 | WARNING  | MainThread | core.mt5_client:reconnect:323 - reconnect attempt 4/5 failed
2026-09-11 22:18:10.958 | ERROR    | MainThread | core.mt5_client:_capture_error:372 - MT5 initialize failed: (-6) Terminal: Authorization failed
2026-09-11 22:18:10.960 | WARNING  | MainThread | core.mt5_client:reconnect:323 - reconnect attempt 5/5 failed
2026-09-11 22:18:10.960 | ERROR    | MainThread | core.mt5_client:reconnect:324 - reconnect exhausted backoff ladder; staying offline
2026-09-11 22:18:10.960 | ERROR    | MainThread | __main__:run:1081 - offline; retrying in 10s
2026-09-11 22:18:10.960 | ERROR    | mt5-heartbeat | core.mt5_client:_heartbeat_loop:353 - heartbeat: link LOST
2026-09-11 22:18:20.964 | WARNING  | MainThread | core.mt5_client:reconnect:304 - reconnect attempt #2 starting
2026-09-11 22:18:25.978 | ERROR    | MainThread | core.mt5_client:_capture_error:372 - MT5 initialize failed: (-6) Terminal: Authorization failed
2026-09-11 22:18:25.978 | WARNING  | MainThread | core.mt5_client:reconnect:323 - reconnect attempt 1/5 failed
2026-09-11 22:18:35.985 | ERROR    | MainThread | core.mt5_client:_capture_error:372 - MT5 initialize failed: (-6) Terminal: Authorization failed
2026-09-11 22:18:35.987 | WARNING  | MainThread | core.mt5_client:reconnect:323 - reconnect attempt 2/5 failed
2026-09-11 22:18:55.992 | ERROR    | MainThread | core.mt5_client:_capture_error:372 - MT5 initialize failed: (-6) Terminal: Authorization failed
2026-09-11 22:18:55.992 | WARNING  | MainThread | core.mt5_client:reconnect:323 - reconnect attempt 3/5 failed
2026-09-11 22:19:36.001 | ERROR    | MainThread | core.mt5_client:_capture_error:372 - MT5 initialize failed: (-6) Terminal: Authorization failed
2026-09-11 22:19:36.001 | WARNING  | MainThread | core.mt5_client:reconnect:323 - reconnect attempt 4/5 failed
2026-09-11 22:20:36.009 | ERROR    | MainThread | core.mt5_client:_capture_error:372 - MT5 initialize failed: (-6) Terminal: Authorization failed
2026-09-11 22:20:36.009 | WARNING  | MainThread | core.mt5_client:reconnect:323 - reconnect attempt 5/5 failed
2026-09-11 22:20:36.009 | ERROR    | MainThread | core.mt5_client:reconnect:324 - reconnect exhausted backoff ladder; staying offline
2026-09-11 22:20:36.009 | ERROR    | MainThread | __main__:run:1081 - offline; retrying in 10s
2026-09-11 22:20:46.020 | WARNING  | MainThread | core.mt5_client:reconnect:304 - reconnect attempt #3 starting
2026-09-11 22:20:51.038 | ERROR    | MainThread | core.mt5_client:_capture_error:372 - MT5 initialize failed: (-6) Terminal: Authorization failed
2026-09-11 22:20:51.038 | WARNING  | MainThread | core.mt5_client:reconnect:323 - reconnect attempt 1/5 failed
2026-09-11 22:21:01.044 | ERROR    | MainThread | core.mt5_client:_capture_error:372 - MT5 initialize failed: (-6) Terminal: Authorization failed
2026-09-11 22:21:01.044 | WARNING  | MainThread | core.mt5_client:reconnect:323 - reconnect attempt 2/5 failed
2026-09-11 22:21:21.051 | ERROR    | MainThread | core.mt5_client:_capture_error:372 - MT5 initialize failed: (-6) Terminal: Authorization failed
2026-09-11 22:21:21.053 | WARNING  | MainThread | core.mt5_client:reconnect:323 - reconnect attempt 3/5 failed
2026-09-11 22:22:01.059 | ERROR    | MainThread | core.mt5_client:_capture_error:372 - MT5 initialize failed: (-6) Terminal: Authorization failed
2026-09-11 22:22:01.061 | WARNING  | MainThread | core.mt5_client:reconnect:323 - reconnect attempt 4/5 failed
2026-09-11 22:23:01.098 | WARNING  | MainThread | core.mt5_client:_resolve_symbol:281 - fuzzy-matched gold symbol -> 'XAUUSD@'
2026-09-11 22:23:01.098 | SUCCESS  | MainThread | core.mt5_client:connect:238 - MT5 connected | login=20277252 server=WMMarkets-Demo balance=491.10 USD | symbol=XAUUSD@ | algo_trading=True
2026-09-11 22:23:01.098 | SUCCESS  | MainThread | core.mt5_client:reconnect:319 - reconnected after 5 attempt(s)
2026-09-11 22:23:01.196 | SUCCESS  | mt5-heartbeat | core.mt5_client:_heartbeat_loop:350 - heartbeat: link RESTORED
2026-09-11 23:03:03.644 | SUCCESS  | news-filter-refresh | core.news_filter:update_calendar:172 - calendar refreshed: 6 high-impact USD events loaded (network)
2026-09-12 00:03:04.325 | SUCCESS  | news-filter-refresh | core.news_filter:update_calendar:172 - calendar refreshed: 6 high-impact USD events loaded (network)
2026-09-12 01:03:04.755 | SUCCESS  | news-filter-refresh | core.news_filter:update_calendar:172 - calendar refreshed: 6 high-impact USD events loaded (network)
2026-09-12 01:38:22.936 | WARNING  | MainThread | core.mt5_client:reconnect:304 - reconnect attempt #4 starting
2026-09-12 01:38:27.995 | ERROR    | MainThread | core.mt5_client:_capture_error:372 - MT5 initialize failed: (-6) Terminal: Authorization failed
2026-09-12 01:38:27.995 | WARNING  | MainThread | core.mt5_client:reconnect:323 - reconnect attempt 1/5 failed
2026-09-12 01:38:38.007 | ERROR    | MainThread | core.mt5_client:_capture_error:372 - MT5 initialize failed: (-6) Terminal: Authorization failed
2026-09-12 01:38:38.007 | WARNING  | MainThread | core.mt5_client:reconnect:323 - reconnect attempt 2/5 failed
2026-09-12 01:38:58.015 | ERROR    | MainThread | core.mt5_client:_capture_error:372 - MT5 initialize failed: (-6) Terminal: Authorization failed
2026-09-12 01:38:58.017 | WARNING  | MainThread | core.mt5_client:reconnect:323 - reconnect attempt 3/5 failed
2026-09-12 01:39:38.065 | WARNING  | MainThread | core.mt5_client:_resolve_symbol:281 - fuzzy-matched gold symbol -> 'XAUUSD@'
2026-09-12 01:39:38.075 | SUCCESS  | MainThread | core.mt5_client:connect:238 - MT5 connected | login=20277252 server=WMMarkets-Demo balance=491.10 USD | symbol=XAUUSD@ | algo_trading=True
2026-09-12 01:39:38.083 | SUCCESS  | MainThread | core.mt5_client:reconnect:319 - reconnected after 4 attempt(s)
2026-09-12 02:03:05.414 | SUCCESS  | news-filter-refresh | core.news_filter:update_calendar:172 - calendar refreshed: 6 high-impact USD events loaded (network)
2026-09-12 03:03:06.155 | SUCCESS  | news-filter-refresh | core.news_filter:update_calendar:172 - calendar refreshed: 6 high-impact USD events loaded (network)
