2026-09-07 12:44:38.706 | INFO     | MainThread | core.database:__init__:159 - subscription database ready at C:\Users\Administrator\gold-3strategies\subscriptions_ichimoku.db
2026-09-07 12:44:38.936 | INFO     | MainThread | core.news_filter:start:113 - news filter cold-start: fetching calendar synchronously...
2026-09-07 12:44:39.308 | SUCCESS  | MainThread | core.news_filter:update_calendar:172 - calendar refreshed: 6 high-impact USD events loaded (network)
2026-09-07 12:44:39.314 | SUCCESS  | MainThread | core.news_filter:start:117 - cold-start successful: calendar loaded
2026-09-07 12:44:39.316 | INFO     | MainThread | core.news_filter:start:132 - news filter background refresh started (interval: 1.0h)
2026-09-07 12:44:39.316 | INFO     | MainThread | core.signal_score:_warn_missing:91 - no signal score stats at 'data\signal_scores.json' — scores default to neutral 50. Run: python tools/precompute_scores.py
2026-09-07 12:44:39.335 | INFO     | MainThread | __main__:run:955 - ========================================================================
2026-09-07 12:44:39.335 | INFO     | MainThread | __main__:run:956 - GOLD M5 BOT starting | risk 1.00% | lots 0.01-0.1 | SL/TP 1.6x/3.0xATR(14) | BE 1.0xATR+5pts | trail 1.3x/0.8xATR
2026-09-07 12:44:39.337 | INFO     | MainThread | __main__:run:957 - ========================================================================
2026-09-07 12:44:39.431 | WARNING  | MainThread | core.mt5_client:_resolve_symbol:275 - fuzzy-matched gold symbol -> 'XAUUSD@'
2026-09-07 12:44:39.437 | SUCCESS  | MainThread | core.mt5_client:connect:232 - MT5 connected | login=20277252 server=WMMarkets-Demo balance=524.32 USD | symbol=XAUUSD@ | algo_trading=True
2026-09-07 12:44:39.467 | INFO     | MainThread | __main__:_sync_daily:713 - daily guard init | realized today=$-1.42 | day-start balance=$525.74 | cap -10%/$52.57
2026-09-07 12:44:39.469 | INFO     | MainThread | core.mt5_client:start_heartbeat:336 - heartbeat thread started (30s)
2026-09-07 12:44:39.477 | SUCCESS  | MainThread | core.dashboard:start:95 - 📊 dashboard online → http://0.0.0.0:8081/?token=CKO1HpUH5HKiF-v0Xegx53k5wZx26Bto
2026-09-07 12:44:41.099 | SUCCESS  | telegram-loop | core.telegram_bot:_register_menu_commands:418 - telegram menu commands registered (6 public / 15 admin)
2026-09-07 12:44:41.196 | SUCCESS  | MainThread | core.telegram_bot:start:182 - telegram controller online as @MatrixGolden_bot
2026-09-07 12:44:41.202 | INFO     | MainThread | __main__:run:985 - entering main loop (1.0s cadence, 300s bars)
2026-09-07 13:44:39.711 | SUCCESS  | news-filter-refresh | core.news_filter:update_calendar:172 - calendar refreshed: 6 high-impact USD events loaded (network)
2026-09-07 14:44:40.107 | SUCCESS  | news-filter-refresh | core.news_filter:update_calendar:172 - calendar refreshed: 6 high-impact USD events loaded (network)
2026-09-07 15:44:40.476 | SUCCESS  | news-filter-refresh | core.news_filter:update_calendar:172 - calendar refreshed: 6 high-impact USD events loaded (network)
2026-09-07 16:44:41.191 | SUCCESS  | news-filter-refresh | core.news_filter:update_calendar:172 - calendar refreshed: 6 high-impact USD events loaded (network)
2026-09-07 17:00:16.310 | SUCCESS  | MainThread | __main__:_check_daily_digest:761 - daily digest for 2026-09-07 broadcast
2026-09-07 17:00:18.432 | INFO     | telegram-loop | core.telegram_bot:_broadcast_daily_async:1241 - daily digest broadcast → 2 chats
2026-09-07 17:44:41.909 | SUCCESS  | news-filter-refresh | core.news_filter:update_calendar:172 - calendar refreshed: 6 high-impact USD events loaded (network)
2026-09-07 18:44:42.614 | SUCCESS  | news-filter-refresh | core.news_filter:update_calendar:172 - calendar refreshed: 6 high-impact USD events loaded (network)
2026-09-07 19:44:43.211 | SUCCESS  | news-filter-refresh | core.news_filter:update_calendar:172 - calendar refreshed: 6 high-impact USD events loaded (network)
2026-09-07 20:15:01.409 | INFO     | MainThread | __main__:_on_new_closed_bar:828 - 🎯 سیگنال شناسایی شد: 2026-09-08 06:00:00 → BUY (Tenkan momentum)
2026-09-07 20:15:01.512 | WARNING  | MainThread | core.risk_manager:calculate_lot:264 - risk budget $5.24 implies 0.0044 lots (< min 0.01); trading min lot risks $11.93 (2.28% of balance)
2026-09-07 20:15:01.687 | SUCCESS  | MainThread | core.mt5_client:send_market_order:607 - BUY 0.01 lots @ 4429.73 | sl=4417.85 tp=4452.16 ticket=103205564
2026-09-07 20:15:01.755 | INFO     | MainThread | __main__:_on_new_closed_bar:858 - signal score 50/100 | ichimoku_m15|BUY|asia|high
2026-09-07 20:15:04.518 | SUCCESS  | MainThread | __main__:_on_new_closed_bar:884 - 📱 سیگنال (سطوح واقعی سفارش) به همراه چارت به تلگرام مخابره شد.
2026-09-07 20:15:05.925 | INFO     | telegram-loop | core.telegram_bot:_broadcast_signal_async:1197 - signal broadcast → VIP:2 FREE:0
2026-09-07 20:20:45.905 | INFO     | MainThread | core.mt5_client:modify_sltp:677 - SLTP updated | ticket=103205564 sl=4429.78 tp=4452.16
2026-09-07 20:20:45.911 | SUCCESS  | MainThread | __main__:_manage_open_positions:679 - breakeven #103205564 SL 4417.85 -> 4429.78
2026-09-07 20:21:03.102 | INFO     | MainThread | core.mt5_client:modify_sltp:677 - SLTP updated | ticket=103205564 sl=4433.56 tp=4452.16
2026-09-07 20:21:03.108 | SUCCESS  | MainThread | __main__:_manage_open_positions:679 - trailing #103205564 SL 4429.78 -> 4433.56
2026-09-07 20:27:15.073 | SUCCESS  | MainThread | __main__:_handle_closed_position:550 - position #103205564 closed | WIN | $3.76
2026-09-07 20:44:43.858 | SUCCESS  | news-filter-refresh | core.news_filter:update_calendar:172 - calendar refreshed: 6 high-impact USD events loaded (network)
2026-09-07 21:00:00.664 | INFO     | MainThread | __main__:_sync_daily:731 - daily guard reset | new server day 2026-09-08 | balance=$528.08
2026-09-07 21:44:44.331 | SUCCESS  | news-filter-refresh | core.news_filter:update_calendar:172 - calendar refreshed: 6 high-impact USD events loaded (network)
2026-09-07 22:44:44.884 | SUCCESS  | news-filter-refresh | core.news_filter:update_calendar:172 - calendar refreshed: 6 high-impact USD events loaded (network)
2026-09-07 23:44:45.672 | SUCCESS  | news-filter-refresh | core.news_filter:update_calendar:172 - calendar refreshed: 6 high-impact USD events loaded (network)
2026-09-08 00:44:46.216 | SUCCESS  | news-filter-refresh | core.news_filter:update_calendar:172 - calendar refreshed: 6 high-impact USD events loaded (network)
2026-09-08 01:44:46.629 | SUCCESS  | news-filter-refresh | core.news_filter:update_calendar:172 - calendar refreshed: 6 high-impact USD events loaded (network)
2026-09-08 02:44:47.281 | SUCCESS  | news-filter-refresh | core.news_filter:update_calendar:172 - calendar refreshed: 6 high-impact USD events loaded (network)
2026-09-08 03:44:47.972 | SUCCESS  | news-filter-refresh | core.news_filter:update_calendar:172 - calendar refreshed: 6 high-impact USD events loaded (network)
2026-09-08 04:44:48.486 | SUCCESS  | news-filter-refresh | core.news_filter:update_calendar:172 - calendar refreshed: 6 high-impact USD events loaded (network)
2026-09-08 05:44:49.171 | SUCCESS  | news-filter-refresh | core.news_filter:update_calendar:172 - calendar refreshed: 6 high-impact USD events loaded (network)
2026-09-08 05:45:00.664 | INFO     | MainThread | __main__:_on_new_closed_bar:828 - 🎯 سیگنال شناسایی شد: 2026-09-08 15:30:00 → SELL (Kijun pullback)
2026-09-08 05:45:00.705 | WARNING  | MainThread | core.risk_manager:calculate_lot:264 - risk budget $5.21 implies 0.0035 lots (< min 0.01); trading min lot risks $14.83 (2.85% of balance)
2026-09-08 05:45:00.855 | SUCCESS  | MainThread | core.mt5_client:send_market_order:607 - SELL 0.01 lots @ 4396.55 | sl=4411.38 tp=4368.75 ticket=103413343
2026-09-08 05:45:00.932 | INFO     | MainThread | __main__:_on_new_closed_bar:858 - signal score 50/100 | ichimoku_m15|SELL|us|high
2026-09-08 05:45:03.788 | SUCCESS  | MainThread | __main__:_on_new_closed_bar:884 - 📱 سیگنال (سطوح واقعی سفارش) به همراه چارت به تلگرام مخابره شد.
2026-09-08 05:45:05.430 | INFO     | telegram-loop | core.telegram_bot:_broadcast_signal_async:1197 - signal broadcast → VIP:2 FREE:0
2026-09-08 05:52:23.417 | SUCCESS  | asyncio_0 | core.mt5_client:close_position:714 - closed position 103413343 (0.01 lots)
2026-09-08 05:52:23.424 | SUCCESS  | asyncio_0 | __main__:_request_manual_close:603 - manual close #103413343 by admin (shadow armed)
2026-09-08 05:52:23.921 | SUCCESS  | MainThread | __main__:_handle_closed_position:550 - position #103413343 closed | LOSS | $-5.74
2026-09-08 05:59:56.511 | INFO     | MainThread | __main__:_check_shadows:646 - shadow verdict #103413343: LOSS $14.83
2026-09-08 06:44:50.083 | SUCCESS  | news-filter-refresh | core.news_filter:update_calendar:172 - calendar refreshed: 6 high-impact USD events loaded (network)
2026-09-08 07:44:50.638 | SUCCESS  | news-filter-refresh | core.news_filter:update_calendar:172 - calendar refreshed: 6 high-impact USD events loaded (network)
2026-09-08 08:44:51.027 | SUCCESS  | news-filter-refresh | core.news_filter:update_calendar:172 - calendar refreshed: 6 high-impact USD events loaded (network)
2026-09-08 09:15:00.677 | INFO     | MainThread | __main__:_on_new_closed_bar:828 - 🎯 سیگنال شناسایی شد: 2026-09-08 19:00:00 → SELL (Kijun pullback)
2026-09-08 09:15:00.711 | WARNING  | MainThread | core.risk_manager:calculate_lot:264 - risk budget $5.15 implies 0.0032 lots (< min 0.01); trading min lot risks $16.30 (3.17% of balance)
2026-09-08 09:15:00.826 | SUCCESS  | MainThread | core.mt5_client:send_market_order:607 - SELL 0.01 lots @ 4386.3 | sl=4402.62 tp=4355.75 ticket=103548908
2026-09-08 09:15:00.904 | INFO     | MainThread | __main__:_on_new_closed_bar:858 - signal score 50/100 | ichimoku_m15|SELL|us|high
2026-09-08 09:15:02.142 | SUCCESS  | MainThread | __main__:_on_new_closed_bar:884 - 📱 سیگنال (سطوح واقعی سفارش) به همراه چارت به تلگرام مخابره شد.
2026-09-08 09:15:03.407 | INFO     | telegram-loop | core.telegram_bot:_broadcast_signal_async:1197 - signal broadcast → VIP:2 FREE:0
2026-09-08 09:44:51.488 | SUCCESS  | news-filter-refresh | core.news_filter:update_calendar:172 - calendar refreshed: 6 high-impact USD events loaded (network)
2026-09-08 10:04:18.689 | SUCCESS  | asyncio_0 | core.mt5_client:close_position:714 - closed position 103548908 (0.01 lots)
2026-09-08 10:04:18.697 | SUCCESS  | asyncio_0 | __main__:_request_manual_close:603 - manual close #103548908 by admin (shadow armed)
2026-09-08 10:04:18.932 | SUCCESS  | MainThread | __main__:_handle_closed_position:550 - position #103548908 closed | LOSS | $-13.38
2026-09-08 10:05:03.344 | INFO     | MainThread | __main__:_check_shadows:646 - shadow verdict #103548908: LOSS $16.32
2026-09-08 10:44:51.887 | SUCCESS  | news-filter-refresh | core.news_filter:update_calendar:172 - calendar refreshed: 6 high-impact USD events loaded (network)
2026-09-08 11:12:05.381 | WARNING  | MainThread | core.mt5_client:reconnect:298 - reconnect attempt #1 starting
2026-09-08 11:12:13.203 | WARNING  | MainThread | core.mt5_client:_resolve_symbol:275 - fuzzy-matched gold symbol -> 'XAUUSD@'
2026-09-08 11:12:13.211 | SUCCESS  | MainThread | core.mt5_client:connect:232 - MT5 connected | login=20277252 server=WMMarkets-Demo balance=501.61 USD | symbol=XAUUSD@ | algo_trading=True
2026-09-08 11:12:13.217 | SUCCESS  | MainThread | core.mt5_client:reconnect:313 - reconnected after 1 attempt(s)
2026-09-08 11:21:22.320 | WARNING  | MainThread | core.mt5_client:reconnect:298 - reconnect attempt #2 starting
2026-09-08 11:21:27.390 | WARNING  | MainThread | core.mt5_client:_resolve_symbol:275 - fuzzy-matched gold symbol -> 'XAUUSD@'
2026-09-08 11:21:27.398 | SUCCESS  | MainThread | core.mt5_client:connect:232 - MT5 connected | login=20277252 server=WMMarkets-Demo balance=501.61 USD | symbol=XAUUSD@ | algo_trading=True
2026-09-08 11:21:27.404 | SUCCESS  | MainThread | core.mt5_client:reconnect:313 - reconnected after 1 attempt(s)
2026-09-08 11:27:18.801 | WARNING  | MainThread | core.mt5_client:reconnect:298 - reconnect attempt #3 starting
2026-09-08 11:27:23.858 | WARNING  | MainThread | core.mt5_client:_resolve_symbol:275 - fuzzy-matched gold symbol -> 'XAUUSD@'
2026-09-08 11:27:23.866 | SUCCESS  | MainThread | core.mt5_client:connect:232 - MT5 connected | login=20277252 server=WMMarkets-Demo balance=501.61 USD | symbol=XAUUSD@ | algo_trading=True
2026-09-08 11:27:23.872 | SUCCESS  | MainThread | core.mt5_client:reconnect:313 - reconnected after 1 attempt(s)
2026-09-08 11:44:52.269 | SUCCESS  | news-filter-refresh | core.news_filter:update_calendar:172 - calendar refreshed: 6 high-impact USD events loaded (network)
2026-09-08 12:44:52.676 | SUCCESS  | news-filter-refresh | core.news_filter:update_calendar:172 - calendar refreshed: 6 high-impact USD events loaded (network)
2026-09-08 13:44:53.056 | SUCCESS  | news-filter-refresh | core.news_filter:update_calendar:172 - calendar refreshed: 6 high-impact USD events loaded (network)
2026-09-08 14:44:53.477 | SUCCESS  | news-filter-refresh | core.news_filter:update_calendar:172 - calendar refreshed: 6 high-impact USD events loaded (network)
2026-09-08 15:44:53.869 | SUCCESS  | news-filter-refresh | core.news_filter:update_calendar:172 - calendar refreshed: 6 high-impact USD events loaded (network)
2026-09-08 16:44:54.602 | SUCCESS  | news-filter-refresh | core.news_filter:update_calendar:172 - calendar refreshed: 6 high-impact USD events loaded (network)
2026-09-08 17:00:06.580 | SUCCESS  | MainThread | __main__:_check_daily_digest:761 - daily digest for 2026-09-08 broadcast
2026-09-08 17:00:09.891 | INFO     | telegram-loop | core.telegram_bot:_broadcast_daily_async:1241 - daily digest broadcast → 2 chats
2026-09-08 17:44:55.245 | SUCCESS  | news-filter-refresh | core.news_filter:update_calendar:172 - calendar refreshed: 6 high-impact USD events loaded (network)
2026-09-08 18:44:55.980 | SUCCESS  | news-filter-refresh | core.news_filter:update_calendar:172 - calendar refreshed: 6 high-impact USD events loaded (network)
2026-09-08 19:44:56.704 | SUCCESS  | news-filter-refresh | core.news_filter:update_calendar:172 - calendar refreshed: 6 high-impact USD events loaded (network)
2026-09-08 20:44:57.503 | SUCCESS  | news-filter-refresh | core.news_filter:update_calendar:172 - calendar refreshed: 6 high-impact USD events loaded (network)
2026-09-08 21:00:00.605 | INFO     | MainThread | __main__:_sync_daily:731 - daily guard reset | new server day 2026-09-09 | balance=$501.61
2026-09-08 21:44:58.043 | SUCCESS  | news-filter-refresh | core.news_filter:update_calendar:172 - calendar refreshed: 6 high-impact USD events loaded (network)
2026-09-08 22:44:58.598 | SUCCESS  | news-filter-refresh | core.news_filter:update_calendar:172 - calendar refreshed: 6 high-impact USD events loaded (network)
2026-09-08 23:44:59.080 | SUCCESS  | news-filter-refresh | core.news_filter:update_calendar:172 - calendar refreshed: 6 high-impact USD events loaded (network)
2026-09-09 00:44:59.598 | SUCCESS  | news-filter-refresh | core.news_filter:update_calendar:172 - calendar refreshed: 6 high-impact USD events loaded (network)
2026-09-09 01:45:00.119 | SUCCESS  | news-filter-refresh | core.news_filter:update_calendar:172 - calendar refreshed: 6 high-impact USD events loaded (network)
2026-09-09 02:45:00.900 | SUCCESS  | news-filter-refresh | core.news_filter:update_calendar:172 - calendar refreshed: 6 high-impact USD events loaded (network)
2026-09-09 03:45:01.613 | SUCCESS  | news-filter-refresh | core.news_filter:update_calendar:172 - calendar refreshed: 6 high-impact USD events loaded (network)
2026-09-09 04:45:02.277 | SUCCESS  | news-filter-refresh | core.news_filter:update_calendar:172 - calendar refreshed: 6 high-impact USD events loaded (network)
2026-09-09 05:45:02.855 | SUCCESS  | news-filter-refresh | core.news_filter:update_calendar:172 - calendar refreshed: 6 high-impact USD events loaded (network)
2026-09-09 06:15:00.399 | INFO     | MainThread | __main__:_on_new_closed_bar:828 - 🎯 سیگنال شناسایی شد: 2026-09-09 16:00:00 → BUY (Tenkan momentum)
2026-09-09 06:15:00.496 | WARNING  | MainThread | core.risk_manager:calculate_lot:264 - risk budget $4.96 implies 0.0042 lots (< min 0.01); trading min lot risks $11.70 (2.36% of balance)
2026-09-09 06:15:00.656 | SUCCESS  | MainThread | core.mt5_client:send_market_order:607 - BUY 0.01 lots @ 4413.31 | sl=4401.61 tp=4435.25 ticket=103917991
2026-09-09 06:15:00.737 | INFO     | MainThread | __main__:_on_new_closed_bar:858 - signal score 50/100 | ichimoku_m15|BUY|us|high
2026-09-09 06:15:02.786 | SUCCESS  | MainThread | __main__:_on_new_closed_bar:884 - 📱 سیگنال (سطوح واقعی سفارش) به همراه چارت به تلگرام مخابره شد.
2026-09-09 06:15:04.079 | INFO     | telegram-loop | core.telegram_bot:_broadcast_signal_async:1197 - signal broadcast → VIP:2 FREE:0
2026-09-09 06:23:18.486 | INFO     | MainThread | core.mt5_client:modify_sltp:677 - SLTP updated | ticket=103917991 sl=4413.36 tp=4435.25
2026-09-09 06:23:18.517 | SUCCESS  | MainThread | __main__:_manage_open_positions:679 - breakeven #103917991 SL 4401.61 -> 4413.36
2026-09-09 06:23:57.831 | INFO     | MainThread | core.mt5_client:modify_sltp:677 - SLTP updated | ticket=103917991 sl=4417.03 tp=4435.25
2026-09-09 06:23:57.839 | SUCCESS  | MainThread | __main__:_manage_open_positions:679 - trailing #103917991 SL 4413.36 -> 4417.03
2026-09-09 06:24:13.938 | INFO     | MainThread | core.mt5_client:modify_sltp:677 - SLTP updated | ticket=103917991 sl=4418.31 tp=4435.25
2026-09-09 06:24:13.944 | SUCCESS  | MainThread | __main__:_manage_open_positions:679 - trailing #103917991 SL 4417.03 -> 4418.31
2026-09-09 06:24:22.003 | INFO     | MainThread | core.mt5_client:modify_sltp:677 - SLTP updated | ticket=103917991 sl=4419.22 tp=4435.25
2026-09-09 06:24:22.007 | SUCCESS  | MainThread | __main__:_manage_open_positions:679 - trailing #103917991 SL 4418.31 -> 4419.22
2026-09-09 06:24:39.173 | INFO     | MainThread | core.mt5_client:modify_sltp:677 - SLTP updated | ticket=103917991 sl=4420.33 tp=4435.25
2026-09-09 06:24:39.175 | SUCCESS  | MainThread | __main__:_manage_open_positions:679 - trailing #103917991 SL 4419.22 -> 4420.33
2026-09-09 06:24:43.204 | INFO     | MainThread | core.mt5_client:modify_sltp:677 - SLTP updated | ticket=103917991 sl=4421.23 tp=4435.25
2026-09-09 06:24:43.227 | SUCCESS  | MainThread | __main__:_manage_open_positions:679 - trailing #103917991 SL 4420.33 -> 4421.23
2026-09-09 06:25:02.383 | INFO     | MainThread | core.mt5_client:modify_sltp:677 - SLTP updated | ticket=103917991 sl=4422.4 tp=4435.25
2026-09-09 06:25:02.388 | SUCCESS  | MainThread | __main__:_manage_open_positions:679 - trailing #103917991 SL 4421.23 -> 4422.40
2026-09-09 06:25:13.483 | INFO     | MainThread | core.mt5_client:modify_sltp:677 - SLTP updated | ticket=103917991 sl=4423.5 tp=4435.25
2026-09-09 06:25:13.489 | SUCCESS  | MainThread | __main__:_manage_open_positions:679 - trailing #103917991 SL 4422.40 -> 4423.50
2026-09-09 06:30:11.269 | INFO     | MainThread | core.mt5_client:modify_sltp:677 - SLTP updated | ticket=103917991 sl=4424.57 tp=4435.25
2026-09-09 06:30:11.285 | SUCCESS  | MainThread | __main__:_manage_open_positions:679 - trailing #103917991 SL 4423.50 -> 4424.57
2026-09-09 06:30:34.582 | INFO     | MainThread | core.mt5_client:modify_sltp:677 - SLTP updated | ticket=103917991 sl=4425.89 tp=4435.25
2026-09-09 06:30:34.588 | SUCCESS  | MainThread | __main__:_manage_open_positions:679 - trailing #103917991 SL 4424.57 -> 4425.89
2026-09-09 06:32:34.750 | INFO     | MainThread | core.mt5_client:modify_sltp:677 - SLTP updated | ticket=103917991 sl=4427.27 tp=4435.25
2026-09-09 06:32:34.757 | SUCCESS  | MainThread | __main__:_manage_open_positions:679 - trailing #103917991 SL 4425.89 -> 4427.27
2026-09-09 06:36:01.913 | SUCCESS  | MainThread | __main__:_handle_closed_position:550 - position #103917991 closed | WIN | $13.94
2026-09-09 06:45:03.583 | SUCCESS  | news-filter-refresh | core.news_filter:update_calendar:172 - calendar refreshed: 6 high-impact USD events loaded (network)
2026-09-09 07:45:04.128 | SUCCESS  | news-filter-refresh | core.news_filter:update_calendar:172 - calendar refreshed: 6 high-impact USD events loaded (network)
2026-09-09 08:45:04.517 | SUCCESS  | news-filter-refresh | core.news_filter:update_calendar:172 - calendar refreshed: 6 high-impact USD events loaded (network)
2026-09-09 09:45:04.919 | SUCCESS  | news-filter-refresh | core.news_filter:update_calendar:172 - calendar refreshed: 6 high-impact USD events loaded (network)
2026-09-09 10:45:05.375 | SUCCESS  | news-filter-refresh | core.news_filter:update_calendar:172 - calendar refreshed: 6 high-impact USD events loaded (network)
2026-09-09 11:45:05.769 | SUCCESS  | news-filter-refresh | core.news_filter:update_calendar:172 - calendar refreshed: 6 high-impact USD events loaded (network)
2026-09-09 12:45:06.173 | SUCCESS  | news-filter-refresh | core.news_filter:update_calendar:172 - calendar refreshed: 6 high-impact USD events loaded (network)
2026-09-09 13:45:06.567 | SUCCESS  | news-filter-refresh | core.news_filter:update_calendar:172 - calendar refreshed: 6 high-impact USD events loaded (network)
2026-09-09 14:30:12.162 | WARNING  | MainThread | core.mt5_client:reconnect:298 - reconnect attempt #4 starting
2026-09-09 14:30:35.492 | WARNING  | MainThread | core.mt5_client:_resolve_symbol:275 - fuzzy-matched gold symbol -> 'XAUUSD@'
2026-09-09 14:30:35.514 | SUCCESS  | MainThread | core.mt5_client:connect:232 - MT5 connected | login=20277252 server=WMMarkets-Demo balance=510.02 USD | symbol=XAUUSD@ | algo_trading=True
2026-09-09 14:30:35.534 | SUCCESS  | MainThread | core.mt5_client:reconnect:313 - reconnected after 1 attempt(s)
2026-09-09 14:45:07.204 | SUCCESS  | news-filter-refresh | core.news_filter:update_calendar:172 - calendar refreshed: 6 high-impact USD events loaded (network)
2026-09-09 15:45:07.616 | SUCCESS  | news-filter-refresh | core.news_filter:update_calendar:172 - calendar refreshed: 6 high-impact USD events loaded (network)
2026-09-09 16:45:08.243 | SUCCESS  | news-filter-refresh | core.news_filter:update_calendar:172 - calendar refreshed: 6 high-impact USD events loaded (network)
2026-09-09 17:00:02.783 | SUCCESS  | MainThread | __main__:_check_daily_digest:761 - daily digest for 2026-09-09 broadcast
2026-09-09 17:00:05.471 | INFO     | telegram-loop | core.telegram_bot:_broadcast_daily_async:1241 - daily digest broadcast → 2 chats
2026-09-09 17:45:08.761 | SUCCESS  | news-filter-refresh | core.news_filter:update_calendar:172 - calendar refreshed: 6 high-impact USD events loaded (network)
2026-09-09 18:45:09.331 | SUCCESS  | news-filter-refresh | core.news_filter:update_calendar:172 - calendar refreshed: 6 high-impact USD events loaded (network)
2026-09-09 19:45:09.833 | SUCCESS  | news-filter-refresh | core.news_filter:update_calendar:172 - calendar refreshed: 6 high-impact USD events loaded (network)
2026-09-09 20:45:10.445 | SUCCESS  | news-filter-refresh | core.news_filter:update_calendar:172 - calendar refreshed: 6 high-impact USD events loaded (network)
2026-09-09 20:47:29.207 | WARNING  | MainThread | core.mt5_client:reconnect:298 - reconnect attempt #5 starting
2026-09-09 20:47:39.295 | WARNING  | MainThread | core.mt5_client:_resolve_symbol:275 - fuzzy-matched gold symbol -> 'XAUUSD@'
2026-09-09 20:47:39.352 | SUCCESS  | MainThread | core.mt5_client:connect:232 - MT5 connected | login=20277252 server=WMMarkets-Demo balance=510.02 USD | symbol=XAUUSD@ | algo_trading=True
2026-09-09 20:47:39.384 | SUCCESS  | MainThread | core.mt5_client:reconnect:313 - reconnected after 1 attempt(s)
2026-09-09 21:00:00.972 | INFO     | MainThread | __main__:_sync_daily:731 - daily guard reset | new server day 2026-09-10 | balance=$510.02
2026-09-09 21:45:10.944 | SUCCESS  | news-filter-refresh | core.news_filter:update_calendar:172 - calendar refreshed: 6 high-impact USD events loaded (network)
2026-09-09 22:45:11.472 | SUCCESS  | news-filter-refresh | core.news_filter:update_calendar:172 - calendar refreshed: 6 high-impact USD events loaded (network)
2026-09-09 23:30:00.761 | INFO     | MainThread | __main__:_on_new_closed_bar:828 - 🎯 سیگنال شناسایی شد: 2026-09-10 09:15:00 → BUY (Kijun pullback)
2026-09-09 23:30:00.873 | WARNING  | MainThread | core.risk_manager:calculate_lot:264 - risk budget $5.10 implies 0.0041 lots (< min 0.01); trading min lot risks $12.52 (2.45% of balance)
2026-09-09 23:30:01.062 | SUCCESS  | MainThread | core.mt5_client:send_market_order:607 - BUY 0.01 lots @ 4417.96 | sl=4405.44 tp=4441.43 ticket=104276095
2026-09-09 23:30:01.156 | INFO     | MainThread | __main__:_on_new_closed_bar:858 - signal score 50/100 | ichimoku_m15|BUY|europe|high
2026-09-09 23:30:03.600 | SUCCESS  | MainThread | __main__:_on_new_closed_bar:884 - 📱 سیگنال (سطوح واقعی سفارش) به همراه چارت به تلگرام مخابره شد.
2026-09-09 23:30:04.953 | INFO     | telegram-loop | core.telegram_bot:_broadcast_signal_async:1197 - signal broadcast → VIP:2 FREE:0
2026-09-09 23:43:34.154 | INFO     | MainThread | core.mt5_client:modify_sltp:677 - SLTP updated | ticket=104276095 sl=4418.01 tp=4441.43
2026-09-09 23:43:34.161 | SUCCESS  | MainThread | __main__:_manage_open_positions:679 - breakeven #104276095 SL 4405.44 -> 4418.01
2026-09-09 23:45:12.057 | SUCCESS  | news-filter-refresh | core.news_filter:update_calendar:172 - calendar refreshed: 6 high-impact USD events loaded (network)
2026-09-09 23:46:39.025 | INFO     | MainThread | core.mt5_client:modify_sltp:677 - SLTP updated | ticket=104276095 sl=4422.1 tp=4441.43
2026-09-09 23:46:39.031 | SUCCESS  | MainThread | __main__:_manage_open_positions:679 - trailing #104276095 SL 4418.01 -> 4422.10
2026-09-10 00:01:06.755 | SUCCESS  | MainThread | __main__:_handle_closed_position:550 - position #104276095 closed | WIN | $3.90
2026-09-10 00:45:12.842 | SUCCESS  | news-filter-refresh | core.news_filter:update_calendar:172 - calendar refreshed: 6 high-impact USD events loaded (network)
2026-09-10 01:45:13.439 | SUCCESS  | news-filter-refresh | core.news_filter:update_calendar:172 - calendar refreshed: 6 high-impact USD events loaded (network)
2026-09-10 02:45:14.105 | SUCCESS  | news-filter-refresh | core.news_filter:update_calendar:172 - calendar refreshed: 6 high-impact USD events loaded (network)
2026-09-10 03:45:14.905 | SUCCESS  | news-filter-refresh | core.news_filter:update_calendar:172 - calendar refreshed: 6 high-impact USD events loaded (network)
